Component: Arm Compiler for Embedded 6.19 Tool: armlink [5e73cb00]

==============================================================================

Section Cross References

    main.o(.text.main) refers to queue.o(.text.xQueueGenericCreate) for xQueueGenericCreate
    main.o(.text.main) refers to main.o(.bss.xJamming_Semaphore) for xJamming_Semaphore
    main.o(.text.main) refers to queue.o(.text.xQueueGenericSend) for xQueueGenericSend
    main.o(.text.main) refers to main.o(.bss.xUp_driver_Semaphore) for xUp_driver_Semaphore
    main.o(.text.main) refers to main.o(.bss.xUp_passenger_Semaphore) for xUp_passenger_Semaphore
    main.o(.text.main) refers to main.o(.bss.xDown_passenger_Semaphore) for xDown_passenger_Semaphore
    main.o(.text.main) refers to main.o(.bss.xDown_driver_Semaphore) for xDown_driver_Semaphore
    main.o(.text.main) refers to main.o(.bss.xLock_Semaphore) for xLock_Semaphore
    main.o(.text.main) refers to main.o(.bss.xJamming) for xJamming
    main.o(.text.main) refers to main.o(.text.Jamming) for Jamming
    main.o(.text.main) refers to tasks.o(.text.xTaskCreate) for xTaskCreate
    main.o(.text.main) refers to main.o(.bss.xUp_driver) for xUp_driver
    main.o(.text.main) refers to main.o(.rodata.str1.1) for .L.str.1
    main.o(.text.main) refers to main.o(.text.Up_driver) for Up_driver
    main.o(.text.main) refers to main.o(.bss.xUp_passenger) for xUp_passenger
    main.o(.text.main) refers to main.o(.text.Up_passenger) for Up_passenger
    main.o(.text.main) refers to main.o(.bss.xDown_passenger) for xDown_passenger
    main.o(.text.main) refers to main.o(.text.Down_passenger) for Down_passenger
    main.o(.text.main) refers to main.o(.bss.xDown_driver) for xDown_driver
    main.o(.text.main) refers to main.o(.text.Down_driver) for Down_driver
    main.o(.text.main) refers to main.o(.text.Lock) for Lock
    main.o(.text.main) refers to tasks.o(.text.vTaskStartScheduler) for vTaskStartScheduler
    main.o(.ARM.exidx.text.main) refers to main.o(.text.main) for [Anonymous Symbol]
    main.o(.ARM.exidx.text.PortF_Init) refers to main.o(.text.PortF_Init) for [Anonymous Symbol]
    main.o(.ARM.exidx.text.PortA_Init) refers to main.o(.text.PortA_Init) for [Anonymous Symbol]
    main.o(.ARM.exidx.text.PortB_Init) refers to main.o(.text.PortB_Init) for [Anonymous Symbol]
    main.o(.ARM.exidx.text.PortD_Init) refers to main.o(.text.PortD_Init) for [Anonymous Symbol]
    main.o(.ARM.exidx.text.PortE_Init) refers to main.o(.text.PortE_Init) for [Anonymous Symbol]
    main.o(.text.Jamming) refers to main.o(.bss.xJamming_Semaphore) for xJamming_Semaphore
    main.o(.text.Jamming) refers to queue.o(.text.xQueueSemaphoreTake) for xQueueSemaphoreTake
    main.o(.text.Jamming) refers to main.o(.bss.xUp_driver) for xUp_driver
    main.o(.text.Jamming) refers to main.o(.bss.xUp_passenger) for xUp_passenger
    main.o(.text.Jamming) refers to tasks.o(.text.vTaskSuspend) for vTaskSuspend
    main.o(.ARM.exidx.text.Jamming) refers to main.o(.text.Jamming) for [Anonymous Symbol]
    main.o(.text.Up_driver) refers to main.o(.bss.xUp_driver_Semaphore) for xUp_driver_Semaphore
    main.o(.text.Up_driver) refers to queue.o(.text.xQueueSemaphoreTake) for xQueueSemaphoreTake
    main.o(.ARM.exidx.text.Up_driver) refers to main.o(.text.Up_driver) for [Anonymous Symbol]
    main.o(.text.Up_passenger) refers to main.o(.bss.xUp_passenger_Semaphore) for xUp_passenger_Semaphore
    main.o(.text.Up_passenger) refers to queue.o(.text.xQueueSemaphoreTake) for xQueueSemaphoreTake
    main.o(.ARM.exidx.text.Up_passenger) refers to main.o(.text.Up_passenger) for [Anonymous Symbol]
    main.o(.text.Down_passenger) refers to main.o(.bss.xDown_passenger_Semaphore) for xDown_passenger_Semaphore
    main.o(.text.Down_passenger) refers to queue.o(.text.xQueueSemaphoreTake) for xQueueSemaphoreTake
    main.o(.text.Down_passenger) refers to main.o(.bss.xUp_driver) for xUp_driver
    main.o(.text.Down_passenger) refers to main.o(.bss.xUp_passenger) for xUp_passenger
    main.o(.text.Down_passenger) refers to tasks.o(.text.vTaskResume) for vTaskResume
    main.o(.ARM.exidx.text.Down_passenger) refers to main.o(.text.Down_passenger) for [Anonymous Symbol]
    main.o(.text.Down_driver) refers to main.o(.bss.xDown_driver_Semaphore) for xDown_driver_Semaphore
    main.o(.text.Down_driver) refers to queue.o(.text.xQueueSemaphoreTake) for xQueueSemaphoreTake
    main.o(.text.Down_driver) refers to main.o(.bss.xUp_driver) for xUp_driver
    main.o(.text.Down_driver) refers to main.o(.bss.xUp_passenger) for xUp_passenger
    main.o(.text.Down_driver) refers to tasks.o(.text.vTaskResume) for vTaskResume
    main.o(.ARM.exidx.text.Down_driver) refers to main.o(.text.Down_driver) for [Anonymous Symbol]
    main.o(.text.Lock) refers to main.o(.bss.xLock_Semaphore) for xLock_Semaphore
    main.o(.text.Lock) refers to queue.o(.text.xQueueSemaphoreTake) for xQueueSemaphoreTake
[...]
    Removing tasks.o(.ARM.exidx.text.eTaskGetState), (8 bytes).
    Removing tasks.o(.text.uxTaskPriorityGet), (30 bytes).
    Removing tasks.o(.ARM.exidx.text.uxTaskPriorityGet), (8 bytes).
    Removing tasks.o(.text.uxTaskPriorityGetFromISR), (48 bytes).
    Removing tasks.o(.ARM.exidx.text.uxTaskPriorityGetFromISR), (8 bytes).
    Removing tasks.o(.text.vTaskPrioritySet), (246 bytes).
    Removing tasks.o(.ARM.exidx.text.vTaskPrioritySet), (8 bytes).
    Removing tasks.o(.ARM.exidx.text.vTaskSuspend), (8 bytes).
    Removing tasks.o(.ARM.exidx.text.vTaskSwitchContext), (8 bytes).
    Removing tasks.o(.ARM.exidx.text.vTaskResume), (8 bytes).
    Removing tasks.o(.text.xTaskResumeFromISR), (224 bytes).
    Removing tasks.o(.ARM.exidx.text.xTaskResumeFromISR), (8 bytes).
    Removing tasks.o(.ARM.exidx.text.vTaskStartScheduler), (8 bytes).
    Removing tasks.o(.ARM.exidx.text.prvIdleTask), (8 bytes).
    Removing tasks.o(.text.vTaskEndScheduler), (32 bytes).
    Removing tasks.o(.ARM.exidx.text.vTaskEndScheduler), (8 bytes).
    Removing tasks.o(.ARM.exidx.text.xTaskIncrementTick), (8 bytes).
    Removing tasks.o(.ARM.exidx.text.xTaskGetTickCount), (8 bytes).
    Removing tasks.o(.text.xTaskGetTickCountFromISR), (18 bytes).
    Removing tasks.o(.ARM.exidx.text.xTaskGetTickCountFromISR), (8 bytes).
    Removing tasks.o(.ARM.exidx.text.uxTaskGetNumberOfTasks), (8 bytes).
    Removing tasks.o(.text.pcTaskGetName), (38 bytes).
    Removing tasks.o(.ARM.exidx.text.pcTaskGetName), (8 bytes).
    Removing tasks.o(.text.xTaskCatchUpTicks), (72 bytes).
    Removing tasks.o(.ARM.exidx.text.xTaskCatchUpTicks), (8 bytes).
    Removing tasks.o(.ARM.exidx.text.vTaskPlaceOnEventList), (8 bytes).
    Removing tasks.o(.text.vTaskPlaceOnUnorderedEventList), (142 bytes).
    Removing tasks.o(.ARM.exidx.text.vTaskPlaceOnUnorderedEventList), (8 bytes).
    Removing tasks.o(.ARM.exidx.text.vTaskPlaceOnEventListRestricted), (8 bytes).
    Removing tasks.o(.ARM.exidx.text.xTaskRemoveFromEventList), (8 bytes).
    Removing tasks.o(.text.vTaskRemoveFromUnorderedEventList), (238 bytes).
    Removing tasks.o(.ARM.exidx.text.vTaskRemoveFromUnorderedEventList), (8 bytes).
    Removing tasks.o(.text.vTaskSetTimeOutState), (62 bytes).
    Removing tasks.o(.ARM.exidx.text.vTaskSetTimeOutState), (8 bytes).
    Removing tasks.o(.ARM.exidx.text.vTaskInternalSetTimeOutState), (8 bytes).
    Removing tasks.o(.ARM.exidx.text.xTaskCheckForTimeOut), (8 bytes).
    Removing tasks.o(.ARM.exidx.text.vTaskMissedYield), (8 bytes).
    Removing tasks.o(.text.xTaskGetCurrentTaskHandle), (12 bytes).
    Removing tasks.o(.ARM.exidx.text.xTaskGetCurrentTaskHandle), (8 bytes).
    Removing tasks.o(.ARM.exidx.text.xTaskGetSchedulerState), (8 bytes).
    Removing tasks.o(.ARM.exidx.text.xTaskPriorityInherit), (8 bytes).
    Removing tasks.o(.ARM.exidx.text.xTaskPriorityDisinherit), (8 bytes).
    Removing tasks.o(.ARM.exidx.text.vTaskPriorityDisinheritAfterTimeout), (8 bytes).
    Removing tasks.o(.text.uxTaskResetEventItemValue), (26 bytes).
    Removing tasks.o(.ARM.exidx.text.uxTaskResetEventItemValue), (8 bytes).
    Removing tasks.o(.ARM.exidx.text.pvTaskIncrementMutexHeldCount), (8 bytes).
    Removing tasks.o(.text.ulTaskGenericNotifyTake), (150 bytes).
    Removing tasks.o(.ARM.exidx.text.ulTaskGenericNotifyTake), (8 bytes).
    Removing tasks.o(.text.xTaskGenericNotifyWait), (194 bytes).
    Removing tasks.o(.ARM.exidx.text.xTaskGenericNotifyWait), (8 bytes).
    Removing tasks.o(.text.xTaskGenericNotify), (358 bytes).
    Removing tasks.o(.ARM.exidx.text.xTaskGenericNotify), (8 bytes).
    Removing tasks.o(.text.xTaskGenericNotifyFromISR), (402 bytes).
    Removing tasks.o(.ARM.exidx.text.xTaskGenericNotifyFromISR), (8 bytes).
    Removing tasks.o(.text.vTaskGenericNotifyGiveFromISR), (304 bytes).
    Removing tasks.o(.ARM.exidx.text.vTaskGenericNotifyGiveFromISR), (8 bytes).
    Removing tasks.o(.text.xTaskGenericNotifyStateClear), (66 bytes).
    Removing tasks.o(.ARM.exidx.text.xTaskGenericNotifyStateClear), (8 bytes).
    Removing tasks.o(.text.ulTaskGenericNotifyValueClear), (44 bytes).
    Removing tasks.o(.ARM.exidx.text.ulTaskGenericNotifyValueClear), (8 bytes).
    Removing timers.o(.text), (0 bytes).
    Removing timers.o(.ARM.exidx.text.xTimerCreateTimerTask), (8 bytes).
    Removing timers.o(.ARM.exidx.text.prvTimerTask), (8 bytes).
    Removing timers.o(.text.xTimerCreate), (186 bytes).
    Removing timers.o(.ARM.exidx.text.xTimerCreate), (8 bytes).
    Removing timers.o(.text.xTimerGenericCommand), (104 bytes).
    Removing timers.o(.ARM.exidx.text.xTimerGenericCommand), (8 bytes).
    Removing timers.o(.text.xTimerGetTimerDaemonTaskHandle), (34 bytes).
    Removing timers.o(.ARM.exidx.text.xTimerGetTimerDaemonTaskHandle), (8 bytes).
    Removing timers.o(.text.xTimerGetPeriod), (26 bytes).
    Removing timers.o(.ARM.exidx.text.xTimerGetPeriod), (8 bytes).
    Removing timers.o(.text.vTimerSetReloadMode), (62 bytes).
    Removing timers.o(.ARM.exidx.text.vTimerSetReloadMode), (8 bytes).
    Removing timers.o(.text.xTimerGetReloadMode), (46 bytes).
    Removing timers.o(.ARM.exidx.text.xTimerGetReloadMode), (8 bytes).
    Removing timers.o(.text.uxTimerGetReloadMode), (46 bytes).
    Removing timers.o(.ARM.exidx.text.uxTimerGetReloadMode), (8 bytes).
    Removing timers.o(.text.xTimerGetExpiryTime), (26 bytes).
    Removing timers.o(.ARM.exidx.text.xTimerGetExpiryTime), (8 bytes).
    Removing timers.o(.text.pcTimerGetName), (26 bytes).
    Removing timers.o(.ARM.exidx.text.pcTimerGetName), (8 bytes).
    Removing timers.o(.text.xTimerIsTimerActive), (46 bytes).
    Removing timers.o(.ARM.exidx.text.xTimerIsTimerActive), (8 bytes).
    Removing timers.o(.text.pvTimerGetTimerID), (38 bytes).
    Removing timers.o(.ARM.exidx.text.pvTimerGetTimerID), (8 bytes).
    Removing timers.o(.text.vTimerSetTimerID), (42 bytes).
    Removing timers.o(.ARM.exidx.text.vTimerSetTimerID), (8 bytes).
    Removing timers.o(.ARM.exidx.text.prvProcessExpiredTimer), (8 bytes).

210 unused section(s) (total 8462 bytes) removed from the image.

==============================================================================

Image Symbol Table

    Local Symbols

    Symbol Name                              Value     Ov Type        Size  Object(Section)

    ../clib/angel/boardlib.s                 0x00000000   Number         0  boardinit1.o ABSOLUTE
    ../clib/angel/boardlib.s                 0x00000000   Number         0  boardinit2.o ABSOLUTE
    ../clib/angel/boardlib.s                 0x00000000   Number         0  boardinit3.o ABSOLUTE
    ../clib/angel/boardlib.s                 0x00000000   Number         0  boardshut.o ABSOLUTE
    ../clib/angel/handlers.s                 0x00000000   Number         0  __scatter_copy.o ABSOLUTE
    ../clib/angel/handlers.s                 0x00000000   Number         0  __scatter_zi.o ABSOLUTE
    ../clib/angel/kernel.s                   0x00000000   Number         0  __rtentry.o ABSOLUTE
    ../clib/angel/kernel.s                   0x00000000   Number         0  __rtentry2.o ABSOLUTE
    ../clib/angel/kernel.s                   0x00000000   Number         0  __rtentry4.o ABSOLUTE
    ../clib/angel/kernel.s                   0x00000000   Number         0  rtexit.o ABSOLUTE
    ../clib/angel/kernel.s                   0x00000000   Number         0  rtexit2.o ABSOLUTE
    ../clib/angel/rt.s                       0x00000000   Number         0  rt_raise.o ABSOLUTE
    ../clib/angel/scatter.s                  0x00000000   Number         0  __scatter.o ABSOLUTE
    ../clib/angel/startup.s                  0x00000000   Number         0  __main.o ABSOLUTE
    ../clib/angel/sys.s                      0x00000000   Number         0  sys_stackheap_outer.o ABSOLUTE
    ../clib/angel/sys.s                      0x00000000   Number         0  libspace.o ABSOLUTE
    ../clib/angel/sys.s                      0x00000000   Number         0  use_no_semi.o ABSOLUTE
    ../clib/angel/sys.s                      0x00000000   Number         0  indicate_semi.o ABSOLUTE
    ../clib/angel/sysapp.c                   0x00000000   Number         0  sys_exit.o ABSOLUTE
    ../clib/angel/sysapp.c                   0x00000000   Number         0  sys_exit_hlt.o ABSOLUTE
    ../clib/angel/sysapp.c                   0x00000000   Number         0  sys_command.o ABSOLUTE
    ../clib/angel/sysapp.c                   0x00000000   Number         0  sys_command_hlt.o ABSOLUTE
    ../clib/angel/sysapp.c                   0x00000000   Number         0  sys_wrch.o ABSOLUTE
    ../clib/angel/sysapp.c                   0x00000000   Number         0  sys_wrch_hlt.o ABSOLUTE
    ../clib/armsys.c                         0x00000000   Number         0  argv_veneer.o ABSOLUTE
    ../clib/armsys.c                         0x00000000   Number         0  argv_veneer.o ABSOLUTE
    ../clib/armsys.c                         0x00000000   Number         0  _get_argv_nomalloc.o ABSOLUTE
    ../clib/armsys.c                         0x00000000   Number         0  no_argv.o ABSOLUTE
    ../clib/heapalloc.c                      0x00000000   Number         0  hrguard.o ABSOLUTE
    ../clib/heapaux.c                        0x00000000   Number         0  heapauxi.o ABSOLUTE
    ../clib/libinit.s                        0x00000000   Number         0  libinit.o ABSOLUTE
    ../clib/libinit.s                        0x00000000   Number         0  libinit2.o ABSOLUTE
    ../clib/libinit.s                        0x00000000   Number         0  libshutdown.o ABSOLUTE
    ../clib/libinit.s                        0x00000000   Number         0  libshutdown2.o ABSOLUTE
    ../clib/memcpset.s                       0x00000000   Number         0  rt_memcpy_v6.o ABSOLUTE
    ../clib/memcpset.s                       0x00000000   Number         0  rt_memclr.o ABSOLUTE
    ../clib/memcpset.s                       0x00000000   Number         0  rt_memcpy_w.o ABSOLUTE
    ../clib/memcpset.s                       0x00000000   Number         0  rt_memclr_w.o ABSOLUTE
    ../clib/signal.c                         0x00000000   Number         0  defsig_rtmem_outer.o ABSOLUTE
    ../clib/signal.c                         0x00000000   Number         0  defsig_rtmem_formal.o ABSOLUTE
    ../clib/signal.c                         0x00000000   Number         0  defsig_exit.o ABSOLUTE
    ../clib/signal.c                         0x00000000   Number         0  defsig_rtmem_inner.o ABSOLUTE
    ../clib/signal.c                         0x00000000   Number         0  __raise.o ABSOLUTE
    ../clib/signal.c                         0x00000000   Number         0  defsig_general.o ABSOLUTE
    ../clib/signal.c                         0x00000000   Number         0  defsig_abrt_inner.o ABSOLUTE
    ../clib/signal.c                         0x00000000   Number         0  defsig_fpe_inner.o ABSOLUTE
    ../clib/signal.c                         0x00000000   Number         0  defsig_rtred_inner.o ABSOLUTE
    ../clib/signal.c                         0x00000000   Number         0  defsig_stak_inner.o ABSOLUTE
    ../clib/signal.c                         0x00000000   Number         0  defsig_pvfn_inner.o ABSOLUTE
    ../clib/signal.c                         0x00000000   Number         0  defsig_cppl_inner.o ABSOLUTE
    ../clib/signal.c                         0x00000000   Number         0  defsig_segv_inner.o ABSOLUTE
    ../clib/signal.c                         0x00000000   Number         0  defsig_other.o ABSOLUTE
    ../clib/signal.s                         0x00000000   Number         0  defsig.o ABSOLUTE
    ../clib/stdlib.c                         0x00000000   Number         0  exit.o ABSOLUTE
    ../fplib/fpinit.s                        0x00000000   Number         0  fpinit.o ABSOLUTE
    RTE/Device/TM4C123GH6PM/startup_TM4C123.s 0x00000000   Number         0  startup_tm4c123.o ABSOLUTE
    dc.s                                     0x00000000   Number         0  dc.o ABSOLUTE
    freertos_evr.c                           0x00000000   Number         0  freertos_evr.o ABSOLUTE
    heap_1.c                                 0x00000000   Number         0  heap_1.o ABSOLUTE
    list.c                                   0x00000000   Number         0  list.o ABSOLUTE
    main.c                                   0x00000000   Number         0  main.o ABSOLUTE
    port.c                                   0x00000000   Number         0  port.o ABSOLUTE
    queue.c                                  0x00000000   Number         0  queue.o ABSOLUTE
    system_TM4C123.c                         0x00000000   Number         0  system_tm4c123.o ABSOLUTE
    tasks.c                                  0x00000000   Number         0  tasks.o ABSOLUTE
    timers.c                                 0x00000000   Number         0  timers.o ABSOLUTE
    RESET                                    0x00000000   Section      620  startup_tm4c123.o(RESET)
    !!!main                                  0x0000026c   Section        8  __main.o(!!!main)
    !!!scatter                               0x00000274   Section       52  __scatter.o(!!!scatter)
    !!handler_copy                           0x000002a8   Section       26  __scatter_copy.o(!!handler_copy)
    !!handler_zi                             0x000002c4   Section       28  __scatter_zi.o(!!handler_zi)
    .ARM.Collect$$libinit$$00000000          0x000002e0   Section        2  libinit.o(.ARM.Collect$$libinit$$00000000)
    .ARM.Collect$$libinit$$00000001          0x000002e2   Section        4  libinit2.o(.ARM.Collect$$libinit$$00000001)
    .ARM.Collect$$libinit$$00000004          0x000002e6   Section        0  libinit2.o(.ARM.Collect$$libinit$$00000004)
    .ARM.Collect$$libinit$$00000006          0x000002e6   Section        0  libinit2.o(.ARM.Collect$$libinit$$00000006)
    .ARM.Collect$$libinit$$0000000C          0x000002e6   Section        0  libinit2.o(.ARM.Collect$$libinit$$0000000C)
    .ARM.Collect$$libinit$$0000000E          0x000002e6   Section        0  libinit2.o(.ARM.Collect$$libinit$$0000000E)
    .ARM.Collect$$libinit$$00000010          0x000002e6   Section        0  libinit2.o(.ARM.Collect$$libinit$$00000010)
    .ARM.Collect$$libinit$$00000013          0x000002e6   Section        0  libinit2.o(.ARM.Collect$$libinit$$00000013)
    .ARM.Collect$$libinit$$00000015          0x000002e6   Section        0  libinit2.o(.ARM.Collect$$libinit$$00000015)
    .ARM.Collect$$libinit$$00000017          0x000002e6   Section        0  libinit2.o(.ARM.Collect$$libinit$$00000017)
    .ARM.Collect$$libinit$$00000019          0x000002e6   Section        0  libinit2.o(.ARM.Collect$$libinit$$00000019)
    .ARM.Collect$$libinit$$0000001B          0x000002e6   Section        0  libinit2.o(.ARM.Collect$$libinit$$0000001B)
    .ARM.Collect$$libinit$$0000001D          0x000002e6   Section        0  libinit2.o(.ARM.Collect$$libinit$$0000001D)
    .ARM.Collect$$libinit$$0000001F          0x000002e6   Section        0  libinit2.o(.ARM.Collect$$libinit$$0000001F)
    .ARM.Collect$$libinit$$00000021          0x000002e6   Section        0  libinit2.o(.ARM.Collect$$libinit$$00000021)
    .ARM.Collect$$libinit$$00000023          0x000002e6   Section        0  libinit2.o(.ARM.Collect$$libinit$$00000023)
    .ARM.Collect$$libinit$$00000025          0x000002e6   Section        0  libinit2.o(.ARM.Collect$$libinit$$00000025)
    .ARM.Collect$$libinit$$00000027          0x000002e6   Section        0  libinit2.o(.ARM.Collect$$libinit$$00000027)
    .ARM.Collect$$libinit$$0000002E          0x000002e6   Section        0  libinit2.o(.ARM.Collect$$libinit$$0000002E)
    .ARM.Collect$$libinit$$00000030          0x000002e6   Section        0  libinit2.o(.ARM.Collect$$libinit$$00000030)
    .ARM.Collect$$libinit$$00000032          0x000002e6   Section        0  libinit2.o(.ARM.Collect$$libinit$$00000032)
    .ARM.Collect$$libinit$$00000034          0x000002e6   Section        0  libinit2.o(.ARM.Collect$$libinit$$00000034)
    .ARM.Collect$$libinit$$00000035          0x000002e6   Section        2  libinit2.o(.ARM.Collect$$libinit$$00000035)
    .ARM.Collect$$libshutdown$$00000000      0x000002e8   Section        2  libshutdown.o(.ARM.Collect$$libshutdown$$00000000)
    .ARM.Collect$$libshutdown$$00000002      0x000002ea   Section        0  libshutdown2.o(.ARM.Collect$$libshutdown$$00000002)
    .ARM.Collect$$libshutdown$$00000004      0x000002ea   Section        0  libshutdown2.o(.ARM.Collect$$libshutdown$$00000004)
    .ARM.Collect$$libshutdown$$00000007      0x000002ea   Section        0  libshutdown2.o(.ARM.Collect$$libshutdown$$00000007)
    .ARM.Collect$$libshutdown$$0000000A      0x000002ea   Section        0  libshutdown2.o(.ARM.Collect$$libshutdown$$0000000A)
    .ARM.Collect$$libshutdown$$0000000C      0x000002ea   Section        0  libshutdown2.o(.ARM.Collect$$libshutdown$$0000000C)
    .ARM.Collect$$libshutdown$$0000000F      0x000002ea   Section        0  libshutdown2.o(.ARM.Collect$$libshutdown$$0000000F)
    .ARM.Collect$$libshutdown$$00000010      0x000002ea   Section        2  libshutdown2.o(.ARM.Collect$$libshutdown$$00000010)
    .ARM.Collect$$rtentry$$00000000          0x000002ec   Section        0  __rtentry.o(.ARM.Collect$$rtentry$$00000000)
    .ARM.Collect$$rtentry$$00000002          0x000002ec   Section        0  __rtentry2.o(.ARM.Collect$$rtentry$$00000002)
    .ARM.Collect$$rtentry$$00000004          0x000002ec   Section        6  __rtentry4.o(.ARM.Collect$$rtentry$$00000004)
    .ARM.Collect$$rtentry$$00000009          0x000002f2   Section        0  __rtentry2.o(.ARM.Collect$$rtentry$$00000009)
    .ARM.Collect$$rtentry$$0000000A          0x000002f2   Section        4  __rtentry2.o(.ARM.Collect$$rtentry$$0000000A)
    .ARM.Collect$$rtentry$$0000000C          0x000002f6   Section        0  __rtentry2.o(.ARM.Collect$$rtentry$$0000000C)
    .ARM.Collect$$rtentry$$0000000D          0x000002f6   Section        8  __rtentry2.o(.ARM.Collect$$rtentry$$0000000D)
    .ARM.Collect$$rtexit$$00000000           0x000002fe   Section        2  rtexit.o(.ARM.Collect$$rtexit$$00000000)
    .ARM.Collect$$rtexit$$00000002           0x00000300   Section        0  rtexit2.o(.ARM.Collect$$rtexit$$00000002)
    .ARM.Collect$$rtexit$$00000003           0x00000300   Section        4  rtexit2.o(.ARM.Collect$$rtexit$$00000003)
    .ARM.Collect$$rtexit$$00000004           0x00000304   Section        6  rtexit2.o(.ARM.Collect$$rtexit$$00000004)
    $v0                                      0x0000030c   Number         0  startup_tm4c123.o(.text)
    .text                                    0x0000030c   Section      276  startup_tm4c123.o(.text)
    .text                                    0x00000420   Section      138  rt_memcpy_v6.o(.text)
    .text                                    0x000004aa   Section       68  rt_memclr.o(.text)
    .text                                    0x000004ee   Section        0  heapauxi.o(.text)
    .text                                    0x000004f4   Section      100  rt_memcpy_w.o(.text)
    .text                                    0x00000558   Section       78  rt_memclr_w.o(.text)
    .text                                    0x000005a6   Section       74  sys_stackheap_outer.o(.text)
    .text                                    0x000005f0   Section        0  exit.o(.text)
    .text                                    0x00000604   Section        8  libspace.o(.text)
    .text                                    0x0000060c   Section        0  sys_exit.o(.text)
    .text                                    0x00000618   Section        2  use_no_semi.o(.text)
    .text                                    0x0000061a   Section        0  indicate_semi.o(.text)
    Down_driver                              0x0000061d   Thumb Code   198  main.o(.text.Down_driver)
    [Anonymous Symbol]                       0x0000061c   Section        0  main.o(.text.Down_driver)
    Down_passenger                           0x000006e5   Thumb Code   226  main.o(.text.Down_passenger)
    [Anonymous Symbol]                       0x000006e4   Section        0  main.o(.text.Down_passenger)
    [Anonymous Symbol]                       0x000007c8   Section        0  main.o(.text.GPIOB_Handler)
    [Anonymous Symbol]                       0x0000084c   Section        0  main.o(.text.GPIOD_Handler)
    [Anonymous Symbol]                       0x000008d0   Section        0  main.o(.text.GPIOE_Handler)
    [Anonymous Symbol]                       0x00000910   Section        0  main.o(.text.GPIOF_Handler)
    Jamming                                  0x00000995   Thumb Code   118  main.o(.text.Jamming)
    [Anonymous Symbol]                       0x00000994   Section        0  main.o(.text.Jamming)
    Lock                                     0x00000a0d   Thumb Code    64  main.o(.text.Lock)
    [Anonymous Symbol]                       0x00000a0c   Section        0  main.o(.text.Lock)
    [Anonymous Symbol]                       0x00000a50   Section        0  port.o(.text.PendSV_Handler)
    pxCurrentTCBConst                        0x00000ab0   Number         0  port.o(.text.PendSV_Handler)
    [Anonymous Symbol]                       0x00000ac0   Section        0  port.o(.text.SVC_Handler)
    pxCurrentTCBConst2                       0x00000ae0   Number         0  port.o(.text.SVC_Handler)
    [Anonymous Symbol]                       0x00000ae4   Section        0  port.o(.text.SysTick_Handler)
    [Anonymous Symbol]                       0x00000b14   Section        0  system_tm4c123.o(.text.SystemInit)
    Up_driver                                0x00000b85   Thumb Code   162  main.o(.text.Up_driver)
    [Anonymous Symbol]                       0x00000b84   Section        0  main.o(.text.Up_driver)
    Up_passenger                             0x00000c29   Thumb Code   202  main.o(.text.Up_passenger)
    [Anonymous Symbol]                       0x00000c28   Section        0  main.o(.text.Up_passenger)
    [Anonymous Symbol]                       0x00000cf4   Section        0  main.o(.text.main)
    prvAddCurrentTaskToDelayedList           0x0000108d   Thumb Code   192  tasks.o(.text.prvAddCurrentTaskToDelayedList)
    [Anonymous Symbol]                       0x0000108c   Section        0  tasks.o(.text.prvAddCurrentTaskToDelayedList)
    prvIdleTask                              0x0000114d   Thumb Code   118  tasks.o(.text.prvIdleTask)
    [Anonymous Symbol]                       0x0000114c   Section        0  tasks.o(.text.prvIdleTask)
    prvNotifyQueueSetContainer               0x000011c5   Thumb Code   204  queue.o(.text.prvNotifyQueueSetContainer)
    [Anonymous Symbol]                       0x000011c4   Section        0  queue.o(.text.prvNotifyQueueSetContainer)
    prvPortStartFirstTask                    0x00001291   Thumb Code    40  port.o(.text.prvPortStartFirstTask)
    [Anonymous Symbol]                       0x00001290   Section        0  port.o(.text.prvPortStartFirstTask)
    prvProcessExpiredTimer                   0x000012b9   Thumb Code   130  timers.o(.text.prvProcessExpiredTimer)
    [Anonymous Symbol]                       0x000012b8   Section        0  timers.o(.text.prvProcessExpiredTimer)
    prvTaskExitError                         0x0000133d   Thumb Code    50  port.o(.text.prvTaskExitError)
    [Anonymous Symbol]                       0x0000133c   Section        0  port.o(.text.prvTaskExitError)
    prvTimerTask                             0x00001371   Thumb Code   570  timers.o(.text.prvTimerTask)
    [Anonymous Symbol]                       0x00001370   Section        0  timers.o(.text.prvTimerTask)
    prvUnlockQueue                           0x000015ad   Thumb Code   136  queue.o(.text.prvUnlockQueue)
    [Anonymous Symbol]                       0x000015ac   Section        0  queue.o(.text.prvUnlockQueue)
    [Anonymous Symbol]                       0x00001634   Section        0  heap_1.o(.text.pvPortMalloc)
    [Anonymous Symbol]                       0x000016a0   Section        0  tasks.o(.text.pvTaskIncrementMutexHeldCount)
    [Anonymous Symbol]                       0x000016b8   Section        0  port.o(.text.pxPortInitialiseStack)
    [Anonymous Symbol]                       0x000016e0   Section        0  list.o(.text.uxListRemove)
    [Anonymous Symbol]                       0x00001704   Section        0  tasks.o(.text.uxTaskGetNumberOfTasks)
    [Anonymous Symbol]                       0x00001710   Section        0  list.o(.text.vListInitialise)
    [Anonymous Symbol]                       0x00001728   Section        0  list.o(.text.vListInitialiseItem)
    [Anonymous Symbol]                       0x00001730   Section        0  list.o(.text.vListInsert)
    [Anonymous Symbol]                       0x0000176c   Section        0  list.o(.text.vListInsertEnd)
    vPortEnableVFP                           0x00001789   Thumb Code    20  port.o(.text.vPortEnableVFP)
    [Anonymous Symbol]                       0x00001788   Section        0  port.o(.text.vPortEnableVFP)
    [Anonymous Symbol]                       0x0000179c   Section        0  port.o(.text.vPortEnterCritical)
    [Anonymous Symbol]                       0x000017e4   Section        0  port.o(.text.vPortExitCritical)
    [Anonymous Symbol]                       0x00001814   Section        0  heap_1.o(.text.vPortFree)
    [Anonymous Symbol]                       0x00001830   Section        0  port.o(.text.vPortSetupTimerInterrupt)
    [Anonymous Symbol]                       0x00001864   Section        0  port.o(.text.vPortValidateInterruptPriority)
    [Anonymous Symbol]                       0x000018c8   Section        0  queue.o(.text.vQueueWaitForMessageRestricted)
    [Anonymous Symbol]                       0x00001910   Section        0  tasks.o(.text.vTaskInternalSetTimeOutState)
    [Anonymous Symbol]                       0x0000192c   Section        0  tasks.o(.text.vTaskMissedYield)
    [Anonymous Symbol]                       0x0000193c   Section        0  tasks.o(.text.vTaskPlaceOnEventList)
    [Anonymous Symbol]                       0x00001974   Section        0  tasks.o(.text.vTaskPlaceOnEventListRestricted)
    [Anonymous Symbol]                       0x000019e8   Section        0  tasks.o(.text.vTaskPriorityDisinheritAfterTimeout)
    [Anonymous Symbol]                       0x00001ab8   Section        0  tasks.o(.text.vTaskResume)
    [Anonymous Symbol]                       0x00001b70   Section        0  tasks.o(.text.vTaskStartScheduler)
    [Anonymous Symbol]                       0x00001c0c   Section        0  tasks.o(.text.vTaskSuspend)
    [Anonymous Symbol]                       0x00001d9c   Section        0  tasks.o(.text.vTaskSuspendAll)
    __tagsym$$used.0                         0x00001dac   Number         0  tasks.o(.text.vTaskSwitchContext)
    [Anonymous Symbol]                       0x00001dac   Section        0  tasks.o(.text.vTaskSwitchContext)
    [Anonymous Symbol]                       0x00001e34   Section        0  port.o(.text.xPortStartScheduler)
    [Anonymous Symbol]                       0x00001f68   Section        0  queue.o(.text.xQueueGenericCreate)
    [Anonymous Symbol]                       0x00001ff4   Section        0  queue.o(.text.xQueueGenericSend)
    [Anonymous Symbol]                       0x00002238   Section        0  queue.o(.text.xQueueGiveFromISR)
    [Anonymous Symbol]                       0x00002354   Section        0  queue.o(.text.xQueueReceive)
    [Anonymous Symbol]                       0x000024fc   Section        0  queue.o(.text.xQueueSemaphoreTake)
    [Anonymous Symbol]                       0x000026c8   Section        0  tasks.o(.text.xTaskCheckForTimeOut)
    [Anonymous Symbol]                       0x0000275c   Section        0  tasks.o(.text.xTaskCreate)
    [Anonymous Symbol]                       0x00002954   Section        0  tasks.o(.text.xTaskGetSchedulerState)
    [Anonymous Symbol]                       0x0000297c   Section        0  tasks.o(.text.xTaskGetTickCount)
    [Anonymous Symbol]                       0x00002988   Section        0  tasks.o(.text.xTaskIncrementTick)
    [Anonymous Symbol]                       0x00002b44   Section        0  tasks.o(.text.xTaskPriorityDisinherit)
    [Anonymous Symbol]                       0x00002c0c   Section        0  tasks.o(.text.xTaskPriorityInherit)
    [Anonymous Symbol]                       0x00002ccc   Section        0  tasks.o(.text.xTaskRemoveFromEventList)
    [Anonymous Symbol]                       0x00002dbc   Section        0  tasks.o(.text.xTaskResumeAll)
    [Anonymous Symbol]                       0x00002f40   Section        0  timers.o(.text.xTimerCreateTimerTask)
    $v0                                      0x00002fe4   Number         0  fpinit.o(x$fpl$fpinit)
    x$fpl$fpinit                             0x00002fe4   Section       26  fpinit.o(x$fpl$fpinit)
    .L.str.1                                 0x00002ffe   Data          15  main.o(.rodata.str1.1)
    [Anonymous Symbol]                       0x00002ffe   Section        0  main.o(.rodata.str1.1)
    uxCriticalNesting                        0x20000004   Data           4  port.o(.data.uxCriticalNesting)
    [Anonymous Symbol]                       0x20000004   Section        0  port.o(.data.uxCriticalNesting)
    .bss                                     0x20000008   Section       96  libspace.o(.bss)
    prvSampleTimeNow.xLastTime               0x20000068   Data           4  timers.o(.bss.prvSampleTimeNow.xLastTime)
    [Anonymous Symbol]                       0x20000068   Section        0  timers.o(.bss.prvSampleTimeNow.xLastTime)
    pvPortMalloc.pucAlignedHeap              0x2000006c   Data           4  heap_1.o(.bss.pvPortMalloc.pucAlignedHeap)
    [Anonymous Symbol]                       0x2000006c   Section        0  heap_1.o(.bss.pvPortMalloc.pucAlignedHeap)
    __tagsym$$used.1                         0x20000070   Number         0  tasks.o(.bss.pxCurrentTCB)
    pxCurrentTimerList                       0x20000074   Data           4  timers.o(.bss.pxCurrentTimerList)
    [Anonymous Symbol]                       0x20000074   Section        0  timers.o(.bss.pxCurrentTimerList)
    pxDelayedTaskList                        0x20000078   Data           4  tasks.o(.bss.pxDelayedTaskList)
    [Anonymous Symbol]                       0x20000078   Section        0  tasks.o(.bss.pxDelayedTaskList)
    pxOverflowDelayedTaskList                0x2000007c   Data           4  tasks.o(.bss.pxOverflowDelayedTaskList)
    [Anonymous Symbol]                       0x2000007c   Section        0  tasks.o(.bss.pxOverflowDelayedTaskList)
    pxOverflowTimerList                      0x20000080   Data           4  timers.o(.bss.pxOverflowTimerList)
    [Anonymous Symbol]                       0x20000080   Section        0  timers.o(.bss.pxOverflowTimerList)
    pxReadyTasksLists                        0x20000084   Data         300  tasks.o(.bss.pxReadyTasksLists)
    [Anonymous Symbol]                       0x20000084   Section        0  tasks.o(.bss.pxReadyTasksLists)
    ucHeap                                   0x200001b0   Data       12288  heap_1.o(.bss.ucHeap)
    [Anonymous Symbol]                       0x200001b0   Section        0  heap_1.o(.bss.ucHeap)
    ucMaxSysCallPriority                     0x200031b0   Data           1  port.o(.bss.ucMaxSysCallPriority)
    [Anonymous Symbol]                       0x200031b0   Section        0  port.o(.bss.ucMaxSysCallPriority)
    ulMaxPRIGROUPValue                       0x200031b4   Data           4  port.o(.bss.ulMaxPRIGROUPValue)
    [Anonymous Symbol]                       0x200031b4   Section        0  port.o(.bss.ulMaxPRIGROUPValue)
    uxCurrentNumberOfTasks                   0x200031b8   Data           4  tasks.o(.bss.uxCurrentNumberOfTasks)
    [Anonymous Symbol]                       0x200031b8   Section        0  tasks.o(.bss.uxCurrentNumberOfTasks)
    uxDeletedTasksWaitingCleanUp             0x200031bc   Data           4  tasks.o(.bss.uxDeletedTasksWaitingCleanUp)
    [Anonymous Symbol]                       0x200031bc   Section        0  tasks.o(.bss.uxDeletedTasksWaitingCleanUp)
    uxSchedulerSuspended                     0x200031c0   Data           4  tasks.o(.bss.uxSchedulerSuspended)
    [Anonymous Symbol]                       0x200031c0   Section        0  tasks.o(.bss.uxSchedulerSuspended)
    uxTaskNumber                             0x200031c4   Data           4  tasks.o(.bss.uxTaskNumber)
    [Anonymous Symbol]                       0x200031c4   Section        0  tasks.o(.bss.uxTaskNumber)
    uxTopReadyPriority                       0x200031c8   Data           4  tasks.o(.bss.uxTopReadyPriority)
    [Anonymous Symbol]                       0x200031c8   Section        0  tasks.o(.bss.uxTopReadyPriority)
    xActiveTimerList1                        0x200031cc   Data          20  timers.o(.bss.xActiveTimerList1)
    [Anonymous Symbol]                       0x200031cc   Section        0  timers.o(.bss.xActiveTimerList1)
    xActiveTimerList2                        0x200031e0   Data          20  timers.o(.bss.xActiveTimerList2)
    [Anonymous Symbol]                       0x200031e0   Section        0  timers.o(.bss.xActiveTimerList2)
    xDelayedTaskList1                        0x200031f4   Data          20  tasks.o(.bss.xDelayedTaskList1)
    [Anonymous Symbol]                       0x200031f4   Section        0  tasks.o(.bss.xDelayedTaskList1)
    xDelayedTaskList2                        0x20003208   Data          20  tasks.o(.bss.xDelayedTaskList2)
    [Anonymous Symbol]                       0x20003208   Section        0  tasks.o(.bss.xDelayedTaskList2)
    xIdleTaskHandle                          0x2000322c   Data           4  tasks.o(.bss.xIdleTaskHandle)
    [Anonymous Symbol]                       0x2000322c   Section        0  tasks.o(.bss.xIdleTaskHandle)
    xNextFreeByte                            0x2000323c   Data           4  heap_1.o(.bss.xNextFreeByte)
    [Anonymous Symbol]                       0x2000323c   Section        0  heap_1.o(.bss.xNextFreeByte)
    xNextTaskUnblockTime                     0x20003240   Data           4  tasks.o(.bss.xNextTaskUnblockTime)
    [Anonymous Symbol]                       0x20003240   Section        0  tasks.o(.bss.xNextTaskUnblockTime)
    xNumOfOverflows                          0x20003244   Data           4  tasks.o(.bss.xNumOfOverflows)
    [Anonymous Symbol]                       0x20003244   Section        0  tasks.o(.bss.xNumOfOverflows)
    xPendedTicks                             0x20003248   Data           4  tasks.o(.bss.xPendedTicks)
    [Anonymous Symbol]                       0x20003248   Section        0  tasks.o(.bss.xPendedTicks)
    xPendingReadyList                        0x2000324c   Data          20  tasks.o(.bss.xPendingReadyList)
    [Anonymous Symbol]                       0x2000324c   Section        0  tasks.o(.bss.xPendingReadyList)
    xSchedulerRunning                        0x20003260   Data           4  tasks.o(.bss.xSchedulerRunning)
    [Anonymous Symbol]                       0x20003260   Section        0  tasks.o(.bss.xSchedulerRunning)
    xSuspendedTaskList                       0x20003264   Data          20  tasks.o(.bss.xSuspendedTaskList)
    [Anonymous Symbol]                       0x20003264   Section        0  tasks.o(.bss.xSuspendedTaskList)
    xTasksWaitingTermination                 0x20003278   Data          20  tasks.o(.bss.xTasksWaitingTermination)
    [Anonymous Symbol]                       0x20003278   Section        0  tasks.o(.bss.xTasksWaitingTermination)
    xTickCount                               0x2000328c   Data           4  tasks.o(.bss.xTickCount)
    [Anonymous Symbol]                       0x2000328c   Section        0  tasks.o(.bss.xTickCount)
    xTimerQueue                              0x20003290   Data           4  timers.o(.bss.xTimerQueue)
    [Anonymous Symbol]                       0x20003290   Section        0  timers.o(.bss.xTimerQueue)
    xTimerTaskHandle                         0x20003294   Data           4  timers.o(.bss.xTimerTaskHandle)
    [Anonymous Symbol]                       0x20003294   Section        0  timers.o(.bss.xTimerTaskHandle)
    xYieldPending                            0x200032a8   Data           4  tasks.o(.bss.xYieldPending)
    [Anonymous Symbol]                       0x200032a8   Section        0  tasks.o(.bss.xYieldPending)
    Heap_Mem                                 0x200032b0   Data           0  startup_tm4c123.o(HEAP)
    Stack_Mem                                0x200032b0   Data         512  startup_tm4c123.o(STACK)
    HEAP                                     0x200032b0   Section        0  startup_tm4c123.o(HEAP)
    STACK                                    0x200032b0   Section      512  startup_tm4c123.o(STACK)
    __initial_sp                             0x200034b0   Data           0  startup_tm4c123.o(STACK)

    Global Symbols

    Symbol Name                              Value     Ov Type        Size  Object(Section)

    BuildAttributes$$THM_ISAv4$E$P$D$K$B$S$7EM$VFPi3$EXTD16$VFPS$VFMA$PE$A:L22UL41UL21$X:L11$S22US41US21$IEEE1$IW$~IW$USESV6$~STKCKD$USESV7$~SHL$OTIME$ROPI$EBA8$UX$STANDARDLIB$REQ8$PRES8$EABIv2 0x00000000   Number         0  anon$$obj.o ABSOLUTE
    __Vectors                                0x00000000   Data           4  startup_tm4c123.o(RESET)
    __ARM_exceptions_init                     - Undefined Weak Reference
    __alloca_initialize                       - Undefined Weak Reference
    __arm_preinit_                            - Undefined Weak Reference
    __arm_relocate_pie_                       - Undefined Weak Reference
    __cpp_initialize__aeabi_                  - Undefined Weak Reference
    __cxa_finalize                            - Undefined Weak Reference
    __rt_locale                               - Undefined Weak Reference
    __sigvec_lookup                           - Undefined Weak Reference
    _atexit_init                              - Undefined Weak Reference
    _call_atexit_fns                          - Undefined Weak Reference
    _clock_init                               - Undefined Weak Reference
    _fp_trap_init                             - Undefined Weak Reference
    _fp_trap_shutdown                         - Undefined Weak Reference
    _get_lc_collate                           - Undefined Weak Reference
    _get_lc_ctype                             - Undefined Weak Reference
    _get_lc_monetary                          - Undefined Weak Reference
    _get_lc_numeric                           - Undefined Weak Reference
    _get_lc_time                              - Undefined Weak Reference
    _getenv_init                              - Undefined Weak Reference
    _handle_redirection                       - Undefined Weak Reference
    _init_alloc                               - Undefined Weak Reference
    _init_user_alloc                          - Undefined Weak Reference
    _initio                                   - Undefined Weak Reference
    _rand_init                                - Undefined Weak Reference
    _signal_finish                            - Undefined Weak Reference
    _signal_init                              - Undefined Weak Reference
    _terminate_alloc                          - Undefined Weak Reference
    _terminate_user_alloc                     - Undefined Weak Reference
    _terminateio                              - Undefined Weak Reference
    __Vectors_End                            0x0000026c   Data           0  startup_tm4c123.o(RESET)
    __Vectors_Size                           0x0000026c   Number         0  startup_tm4c123.o ABSOLUTE
    __main                                   0x0000026d   Thumb Code     8  __main.o(!!!main)
    __scatterload                            0x00000275   Thumb Code     0  __scatter.o(!!!scatter)
    __scatterload_rt2                        0x00000275   Thumb Code    44  __scatter.o(!!!scatter)
    __scatterload_rt2_thumb_only             0x00000275   Thumb Code     0  __scatter.o(!!!scatter)
    __scatterload_null                       0x00000283   Thumb Code     0  __scatter.o(!!!scatter)
    __scatterload_copy                       0x000002a9   Thumb Code    26  __scatter_copy.o(!!handler_copy)
    __scatterload_zeroinit                   0x000002c5   Thumb Code    28  __scatter_zi.o(!!handler_zi)
    __rt_lib_init                            0x000002e1   Thumb Code     0  libinit.o(.ARM.Collect$$libinit$$00000000)
    __rt_lib_init_fp_1                       0x000002e3   Thumb Code     0  libinit2.o(.ARM.Collect$$libinit$$00000001)
    __rt_lib_init_alloca_1                   0x000002e7   Thumb Code     0  libinit2.o(.ARM.Collect$$libinit$$00000030)
    __rt_lib_init_argv_1                     0x000002e7   Thumb Code     0  libinit2.o(.ARM.Collect$$libinit$$0000002E)
    __rt_lib_init_atexit_1                   0x000002e7   Thumb Code     0  libinit2.o(.ARM.Collect$$libinit$$0000001D)
    __rt_lib_init_clock_1                    0x000002e7   Thumb Code     0  libinit2.o(.ARM.Collect$$libinit$$00000023)
    __rt_lib_init_cpp_1                      0x000002e7   Thumb Code     0  libinit2.o(.ARM.Collect$$libinit$$00000034)
    __rt_lib_init_exceptions_1               0x000002e7   Thumb Code     0  libinit2.o(.ARM.Collect$$libinit$$00000032)
    __rt_lib_init_fp_trap_1                  0x000002e7   Thumb Code     0  libinit2.o(.ARM.Collect$$libinit$$00000021)
    __rt_lib_init_getenv_1                   0x000002e7   Thumb Code     0  libinit2.o(.ARM.Collect$$libinit$$00000025)
    __rt_lib_init_heap_1                     0x000002e7   Thumb Code     0  libinit2.o(.ARM.Collect$$libinit$$0000000C)
    __rt_lib_init_lc_collate_1               0x000002e7   Thumb Code     0  libinit2.o(.ARM.Collect$$libinit$$00000013)
    __rt_lib_init_lc_ctype_1                 0x000002e7   Thumb Code     0  libinit2.o(.ARM.Collect$$libinit$$00000015)
    __rt_lib_init_lc_monetary_1              0x000002e7   Thumb Code     0  libinit2.o(.ARM.Collect$$libinit$$00000017)
    __rt_lib_init_lc_numeric_1               0x000002e7   Thumb Code     0  libinit2.o(.ARM.Collect$$libinit$$00000019)
    __rt_lib_init_lc_time_1                  0x000002e7   Thumb Code     0  libinit2.o(.ARM.Collect$$libinit$$0000001B)
    __rt_lib_init_preinit_1                  0x000002e7   Thumb Code     0  libinit2.o(.ARM.Collect$$libinit$$00000006)
    __rt_lib_init_rand_1                     0x000002e7   Thumb Code     0  libinit2.o(.ARM.Collect$$libinit$$00000010)
    __rt_lib_init_relocate_pie_1             0x000002e7   Thumb Code     0  libinit2.o(.ARM.Collect$$libinit$$00000004)
    __rt_lib_init_return                     0x000002e7   Thumb Code     0  libinit2.o(.ARM.Collect$$libinit$$00000035)
    __rt_lib_init_signal_1                   0x000002e7   Thumb Code     0  libinit2.o(.ARM.Collect$$libinit$$0000001F)
    __rt_lib_init_stdio_1                    0x000002e7   Thumb Code     0  libinit2.o(.ARM.Collect$$libinit$$00000027)
    __rt_lib_init_user_alloc_1               0x000002e7   Thumb Code     0  libinit2.o(.ARM.Collect$$libinit$$0000000E)
    __rt_lib_shutdown                        0x000002e9   Thumb Code     0  libshutdown.o(.ARM.Collect$$libshutdown$$00000000)
    __rt_lib_shutdown_cpp_1                  0x000002eb   Thumb Code     0  libshutdown2.o(.ARM.Collect$$libshutdown$$00000002)
    __rt_lib_shutdown_fp_trap_1              0x000002eb   Thumb Code     0  libshutdown2.o(.ARM.Collect$$libshutdown$$00000007)
    __rt_lib_shutdown_heap_1                 0x000002eb   Thumb Code     0  libshutdown2.o(.ARM.Collect$$libshutdown$$0000000F)
    __rt_lib_shutdown_return                 0x000002eb   Thumb Code     0  libshutdown2.o(.ARM.Collect$$libshutdown$$00000010)
    __rt_lib_shutdown_signal_1               0x000002eb   Thumb Code     0  libshutdown2.o(.ARM.Collect$$libshutdown$$0000000A)
    __rt_lib_shutdown_stdio_1                0x000002eb   Thumb Code     0  libshutdown2.o(.ARM.Collect$$libshutdown$$00000004)
    __rt_lib_shutdown_user_alloc_1           0x000002eb   Thumb Code     0  libshutdown2.o(.ARM.Collect$$libshutdown$$0000000C)
    __rt_entry                               0x000002ed   Thumb Code     0  __rtentry.o(.ARM.Collect$$rtentry$$00000000)
    __rt_entry_presh_1                       0x000002ed   Thumb Code     0  __rtentry2.o(.ARM.Collect$$rtentry$$00000002)
    __rt_entry_sh                            0x000002ed   Thumb Code     0  __rtentry4.o(.ARM.Collect$$rtentry$$00000004)
    __rt_entry_li                            0x000002f3   Thumb Code     0  __rtentry2.o(.ARM.Collect$$rtentry$$0000000A)
    __rt_entry_postsh_1                      0x000002f3   Thumb Code     0  __rtentry2.o(.ARM.Collect$$rtentry$$00000009)
    __rt_entry_main                          0x000002f7   Thumb Code     0  __rtentry2.o(.ARM.Collect$$rtentry$$0000000D)
    __rt_entry_postli_1                      0x000002f7   Thumb Code     0  __rtentry2.o(.ARM.Collect$$rtentry$$0000000C)
    __rt_exit                                0x000002ff   Thumb Code     0  rtexit.o(.ARM.Collect$$rtexit$$00000000)
    __rt_exit_ls                             0x00000301   Thumb Code     0  rtexit2.o(.ARM.Collect$$rtexit$$00000003)
    __rt_exit_prels_1                        0x00000301   Thumb Code     0  rtexit2.o(.ARM.Collect$$rtexit$$00000002)
    __rt_exit_exit                           0x00000305   Thumb Code     0  rtexit2.o(.ARM.Collect$$rtexit$$00000004)
    Reset_Handler                            0x0000030d   Thumb Code     8  startup_tm4c123.o(.text)
    NMI_Handler                              0x00000315   Thumb Code     2  startup_tm4c123.o(.text)
    HardFault_Handler                        0x00000317   Thumb Code     2  startup_tm4c123.o(.text)
    MemManage_Handler                        0x00000319   Thumb Code     2  startup_tm4c123.o(.text)
    BusFault_Handler                         0x0000031b   Thumb Code     2  startup_tm4c123.o(.text)
    UsageFault_Handler                       0x0000031d   Thumb Code     2  startup_tm4c123.o(.text)
    DebugMon_Handler                         0x00000321   Thumb Code     2  startup_tm4c123.o(.text)
    GPIOA_Handler                            0x00000327   Thumb Code     2  startup_tm4c123.o(.text)
    GPIOC_Handler                            0x0000032b   Thumb Code     2  startup_tm4c123.o(.text)
    UART0_Handler                            0x00000331   Thumb Code     2  startup_tm4c123.o(.text)
    UART1_Handler                            0x00000333   Thumb Code     2  startup_tm4c123.o(.text)
    SSI0_Handler                             0x00000335   Thumb Code     2  startup_tm4c123.o(.text)
    I2C0_Handler                             0x00000337   Thumb Code     2  startup_tm4c123.o(.text)
    PMW0_FAULT_Handler                       0x00000339   Thumb Code     2  startup_tm4c123.o(.text)
    PWM0_0_Handler                           0x0000033b   Thumb Code     2  startup_tm4c123.o(.text)
    PWM0_1_Handler                           0x0000033d   Thumb Code     2  startup_tm4c123.o(.text)
    PWM0_2_Handler                           0x0000033f   Thumb Code     2  startup_tm4c123.o(.text)
    QEI0_Handler                             0x00000341   Thumb Code     2  startup_tm4c123.o(.text)
    ADC0SS0_Handler                          0x00000343   Thumb Code     2  startup_tm4c123.o(.text)
    ADC0SS1_Handler                          0x00000345   Thumb Code     2  startup_tm4c123.o(.text)
    ADC0SS2_Handler                          0x00000347   Thumb Code     2  startup_tm4c123.o(.text)
    ADC0SS3_Handler                          0x00000349   Thumb Code     2  startup_tm4c123.o(.text)
    WDT0_Handler                             0x0000034b   Thumb Code     2  startup_tm4c123.o(.text)
    TIMER0A_Handler                          0x0000034d   Thumb Code     2  startup_tm4c123.o(.text)
    TIMER0B_Handler                          0x0000034f   Thumb Code     2  startup_tm4c123.o(.text)
    TIMER1A_Handler                          0x00000351   Thumb Code     2  startup_tm4c123.o(.text)
    TIMER1B_Handler                          0x00000353   Thumb Code     2  startup_tm4c123.o(.text)
    TIMER2A_Handler                          0x00000355   Thumb Code     2  startup_tm4c123.o(.text)
    TIMER2B_Handler                          0x00000357   Thumb Code     2  startup_tm4c123.o(.text)
    COMP0_Handler                            0x00000359   Thumb Code     2  startup_tm4c123.o(.text)
    COMP1_Handler                            0x0000035b   Thumb Code     2  startup_tm4c123.o(.text)
    COMP2_Handler                            0x0000035d   Thumb Code     2  startup_tm4c123.o(.text)
    SYSCTL_Handler                           0x0000035f   Thumb Code     2  startup_tm4c123.o(.text)
    FLASH_Handler                            0x00000361   Thumb Code     2  startup_tm4c123.o(.text)
    GPIOG_Handler                            0x00000365   Thumb Code     2  startup_tm4c123.o(.text)
    GPIOH_Handler                            0x00000367   Thumb Code     2  startup_tm4c123.o(.text)
    UART2_Handler                            0x00000369   Thumb Code     2  startup_tm4c123.o(.text)
    SSI1_Handler                             0x0000036b   Thumb Code     2  startup_tm4c123.o(.text)
    TIMER3A_Handler                          0x0000036d   Thumb Code     2  startup_tm4c123.o(.text)
    TIMER3B_Handler                          0x0000036f   Thumb Code     2  startup_tm4c123.o(.text)
    I2C1_Handler                             0x00000371   Thumb Code     2  startup_tm4c123.o(.text)
    QEI1_Handler                             0x00000373   Thumb Code     2  startup_tm4c123.o(.text)
    CAN0_Handler                             0x00000375   Thumb Code     2  startup_tm4c123.o(.text)
    CAN1_Handler                             0x00000377   Thumb Code     2  startup_tm4c123.o(.text)
    CAN2_Handler                             0x00000379   Thumb Code     2  startup_tm4c123.o(.text)
    HIB_Handler                              0x0000037b   Thumb Code     2  startup_tm4c123.o(.text)
    USB0_Handler                             0x0000037d   Thumb Code     2  startup_tm4c123.o(.text)
    PWM0_3_Handler                           0x0000037f   Thumb Code     2  startup_tm4c123.o(.text)
    UDMA_Handler                             0x00000381   Thumb Code     2  startup_tm4c123.o(.text)
    UDMAERR_Handler                          0x00000383   Thumb Code     2  startup_tm4c123.o(.text)
    ADC1SS0_Handler                          0x00000385   Thumb Code     2  startup_tm4c123.o(.text)
    ADC1SS1_Handler                          0x00000387   Thumb Code     2  startup_tm4c123.o(.text)
    ADC1SS2_Handler                          0x00000389   Thumb Code     2  startup_tm4c123.o(.text)
    ADC1SS3_Handler                          0x0000038b   Thumb Code     2  startup_tm4c123.o(.text)
    GPIOJ_Handler                            0x0000038d   Thumb Code     2  startup_tm4c123.o(.text)
    GPIOK_Handler                            0x0000038f   Thumb Code     2  startup_tm4c123.o(.text)
    GPIOL_Handler                            0x00000391   Thumb Code     2  startup_tm4c123.o(.text)
    SSI2_Handler                             0x00000393   Thumb Code     2  startup_tm4c123.o(.text)
    SSI3_Handler                             0x00000395   Thumb Code     2  startup_tm4c123.o(.text)
    UART3_Handler                            0x00000397   Thumb Code     2  startup_tm4c123.o(.text)
    UART4_Handler                            0x00000399   Thumb Code     2  startup_tm4c123.o(.text)
    UART5_Handler                            0x0000039b   Thumb Code     2  startup_tm4c123.o(.text)
    UART6_Handler                            0x0000039d   Thumb Code     2  startup_tm4c123.o(.text)
    UART7_Handler                            0x0000039f   Thumb Code     2  startup_tm4c123.o(.text)
    I2C2_Handler                             0x000003a1   Thumb Code     2  startup_tm4c123.o(.text)
    I2C3_Handler                             0x000003a3   Thumb Code     2  startup_tm4c123.o(.text)
    TIMER4A_Handler                          0x000003a5   Thumb Code     2  startup_tm4c123.o(.text)
    TIMER4B_Handler                          0x000003a7   Thumb Code     2  startup_tm4c123.o(.text)
    TIMER5A_Handler                          0x000003a9   Thumb Code     2  startup_tm4c123.o(.text)
    TIMER5B_Handler                          0x000003ab   Thumb Code     2  startup_tm4c123.o(.text)
    WTIMER0A_Handler                         0x000003ad   Thumb Code     2  startup_tm4c123.o(.text)
    WTIMER0B_Handler                         0x000003af   Thumb Code     2  startup_tm4c123.o(.text)
    WTIMER1A_Handler                         0x000003b1   Thumb Code     2  startup_tm4c123.o(.text)
    WTIMER1B_Handler                         0x000003b3   Thumb Code     2  startup_tm4c123.o(.text)
    WTIMER2A_Handler                         0x000003b5   Thumb Code     2  startup_tm4c123.o(.text)
    WTIMER2B_Handler                         0x000003b7   Thumb Code     2  startup_tm4c123.o(.text)
    WTIMER3A_Handler                         0x000003b9   Thumb Code     2  startup_tm4c123.o(.text)
    WTIMER3B_Handler                         0x000003bb   Thumb Code     2  startup_tm4c123.o(.text)
    WTIMER4A_Handler                         0x000003bd   Thumb Code     2  startup_tm4c123.o(.text)
    WTIMER4B_Handler                         0x000003bf   Thumb Code     2  startup_tm4c123.o(.text)
    WTIMER5A_Handler                         0x000003c1   Thumb Code     2  startup_tm4c123.o(.text)
    WTIMER5B_Handler                         0x000003c3   Thumb Code     2  startup_tm4c123.o(.text)
    FPU_Handler                              0x000003c5   Thumb Code     2  startup_tm4c123.o(.text)
    I2C4_Handler                             0x000003c7   Thumb Code     2  startup_tm4c123.o(.text)
    I2C5_Handler                             0x000003c9   Thumb Code     2  startup_tm4c123.o(.text)
    GPIOM_Handler                            0x000003cb   Thumb Code     2  startup_tm4c123.o(.text)
    GPION_Handler                            0x000003cd   Thumb Code     2  startup_tm4c123.o(.text)
    QEI2_Handler                             0x000003cf   Thumb Code     2  startup_tm4c123.o(.text)
    GPIOP0_Handler                           0x000003d1   Thumb Code     2  startup_tm4c123.o(.text)
    GPIOP1_Handler                           0x000003d3   Thumb Code     2  startup_tm4c123.o(.text)
    GPIOP2_Handler                           0x000003d5   Thumb Code     2  startup_tm4c123.o(.text)
    GPIOP3_Handler                           0x000003d7   Thumb Code     2  startup_tm4c123.o(.text)
    GPIOP4_Handler                           0x000003d9   Thumb Code     2  startup_tm4c123.o(.text)
    GPIOP5_Handler                           0x000003db   Thumb Code     2  startup_tm4c123.o(.text)
    GPIOP6_Handler                           0x000003dd   Thumb Code     2  startup_tm4c123.o(.text)
    GPIOP7_Handler                           0x000003df   Thumb Code     2  startup_tm4c123.o(.text)
    GPIOQ0_Handler                           0x000003e1   Thumb Code     2  startup_tm4c123.o(.text)
    GPIOQ1_Handler                           0x000003e3   Thumb Code     2  startup_tm4c123.o(.text)
    GPIOQ2_Handler                           0x000003e5   Thumb Code     2  startup_tm4c123.o(.text)
    GPIOQ3_Handler                           0x000003e7   Thumb Code     2  startup_tm4c123.o(.text)
    GPIOQ4_Handler                           0x000003e9   Thumb Code     2  startup_tm4c123.o(.text)
    GPIOQ5_Handler                           0x000003eb   Thumb Code     2  startup_tm4c123.o(.text)
    GPIOQ6_Handler                           0x000003ed   Thumb Code     2  startup_tm4c123.o(.text)
    GPIOQ7_Handler                           0x000003ef   Thumb Code     2  startup_tm4c123.o(.text)
    GPIOR_Handler                            0x000003f1   Thumb Code     2  startup_tm4c123.o(.text)
    GPIOS_Handler                            0x000003f3   Thumb Code     2  startup_tm4c123.o(.text)
    PMW1_0_Handler                           0x000003f5   Thumb Code     2  startup_tm4c123.o(.text)
    PWM1_1_Handler                           0x000003f7   Thumb Code     2  startup_tm4c123.o(.text)
    PWM1_2_Handler                           0x000003f9   Thumb Code     2  startup_tm4c123.o(.text)
    PWM1_3_Handler                           0x000003fb   Thumb Code     2  startup_tm4c123.o(.text)
    PWM1_FAULT_Handler                       0x000003fd   Thumb Code     2  startup_tm4c123.o(.text)
    __user_initial_stackheap                 0x00000401   Thumb Code     0  startup_tm4c123.o(.text)
    __aeabi_memcpy                           0x00000421   Thumb Code     0  rt_memcpy_v6.o(.text)
    __rt_memcpy                              0x00000421   Thumb Code   138  rt_memcpy_v6.o(.text)
    _memcpy_lastbytes                        0x00000487   Thumb Code     0  rt_memcpy_v6.o(.text)
    __aeabi_memclr                           0x000004ab   Thumb Code     0  rt_memclr.o(.text)
    __rt_memclr                              0x000004ab   Thumb Code     0  rt_memclr.o(.text)
    _memset                                  0x000004af   Thumb Code    64  rt_memclr.o(.text)
    __use_two_region_memory                  0x000004ef   Thumb Code     2  heapauxi.o(.text)
    __rt_heap_escrow$2region                 0x000004f1   Thumb Code     2  heapauxi.o(.text)
    __rt_heap_expand$2region                 0x000004f3   Thumb Code     2  heapauxi.o(.text)
    __aeabi_memcpy4                          0x000004f5   Thumb Code     0  rt_memcpy_w.o(.text)
    __aeabi_memcpy8                          0x000004f5   Thumb Code     0  rt_memcpy_w.o(.text)
    __rt_memcpy_w                            0x000004f5   Thumb Code   100  rt_memcpy_w.o(.text)
    _memcpy_lastbytes_aligned                0x0000053d   Thumb Code     0  rt_memcpy_w.o(.text)
    __aeabi_memclr4                          0x00000559   Thumb Code     0  rt_memclr_w.o(.text)
    __aeabi_memclr8                          0x00000559   Thumb Code     0  rt_memclr_w.o(.text)
    __rt_memclr_w                            0x00000559   Thumb Code     0  rt_memclr_w.o(.text)
    _memset_w                                0x0000055d   Thumb Code    74  rt_memclr_w.o(.text)
    __user_setup_stackheap                   0x000005a7   Thumb Code    74  sys_stackheap_outer.o(.text)
    exit                                     0x000005f1   Thumb Code    18  exit.o(.text)
    __user_libspace                          0x00000605   Thumb Code     8  libspace.o(.text)
    __user_perproc_libspace                  0x00000605   Thumb Code     0  libspace.o(.text)
    __user_perthread_libspace                0x00000605   Thumb Code     0  libspace.o(.text)
    _sys_exit                                0x0000060d   Thumb Code     8  sys_exit.o(.text)
    __I$use$semihosting                      0x00000619   Thumb Code     0  use_no_semi.o(.text)
    __use_no_semihosting_swi                 0x00000619   Thumb Code     2  use_no_semi.o(.text)
    __semihosting_library_function           0x0000061b   Thumb Code     0  indicate_semi.o(.text)
    GPIOB_Handler                            0x000007c9   Thumb Code   132  main.o(.text.GPIOB_Handler)
    GPIOD_Handler                            0x0000084d   Thumb Code   132  main.o(.text.GPIOD_Handler)
    GPIOE_Handler                            0x000008d1   Thumb Code    64  main.o(.text.GPIOE_Handler)
    GPIOF_Handler                            0x00000911   Thumb Code   132  main.o(.text.GPIOF_Handler)
    PendSV_Handler                           0x00000a51   Thumb Code   100  port.o(.text.PendSV_Handler)
    SVC_Handler                              0x00000ac1   Thumb Code    36  port.o(.text.SVC_Handler)
    SysTick_Handler                          0x00000ae5   Thumb Code    46  port.o(.text.SysTick_Handler)
    SystemInit                               0x00000b15   Thumb Code   112  system_tm4c123.o(.text.SystemInit)
    main                                     0x00000cf5   Thumb Code   892  main.o(.text.main)
    pvPortMalloc                             0x00001635   Thumb Code   106  heap_1.o(.text.pvPortMalloc)
    pvTaskIncrementMutexHeldCount            0x000016a1   Thumb Code    24  tasks.o(.text.pvTaskIncrementMutexHeldCount)
    pxPortInitialiseStack                    0x000016b9   Thumb Code    40  port.o(.text.pxPortInitialiseStack)
    uxListRemove                             0x000016e1   Thumb Code    36  list.o(.text.uxListRemove)
    uxTaskGetNumberOfTasks                   0x00001705   Thumb Code    12  tasks.o(.text.uxTaskGetNumberOfTasks)
    vListInitialise                          0x00001711   Thumb Code    22  list.o(.text.vListInitialise)
    vListInitialiseItem                      0x00001729   Thumb Code     6  list.o(.text.vListInitialiseItem)
    vListInsert                              0x00001731   Thumb Code    58  list.o(.text.vListInsert)
    vListInsertEnd                           0x0000176d   Thumb Code    28  list.o(.text.vListInsertEnd)
    vPortEnterCritical                       0x0000179d   Thumb Code    70  port.o(.text.vPortEnterCritical)
    vPortExitCritical                        0x000017e5   Thumb Code    46  port.o(.text.vPortExitCritical)
    vPortFree                                0x00001815   Thumb Code    26  heap_1.o(.text.vPortFree)
    vPortSetupTimerInterrupt                 0x00001831   Thumb Code    52  port.o(.text.vPortSetupTimerInterrupt)
    vPortValidateInterruptPriority           0x00001865   Thumb Code    98  port.o(.text.vPortValidateInterruptPriority)
    vQueueWaitForMessageRestricted           0x000018c9   Thumb Code    70  queue.o(.text.vQueueWaitForMessageRestricted)
    vTaskInternalSetTimeOutState             0x00001911   Thumb Code    26  tasks.o(.text.vTaskInternalSetTimeOutState)
    vTaskMissedYield                         0x0000192d   Thumb Code    14  tasks.o(.text.vTaskMissedYield)
    vTaskPlaceOnEventList                    0x0000193d   Thumb Code    54  tasks.o(.text.vTaskPlaceOnEventList)
    vTaskPlaceOnEventListRestricted          0x00001975   Thumb Code   114  tasks.o(.text.vTaskPlaceOnEventListRestricted)
    vTaskPriorityDisinheritAfterTimeout      0x000019e9   Thumb Code   206  tasks.o(.text.vTaskPriorityDisinheritAfterTimeout)
    vTaskResume                              0x00001ab9   Thumb Code   184  tasks.o(.text.vTaskResume)
    vTaskStartScheduler                      0x00001b71   Thumb Code   148  tasks.o(.text.vTaskStartScheduler)
    vTaskSuspend                             0x00001c0d   Thumb Code   398  tasks.o(.text.vTaskSuspend)
    vTaskSuspendAll                          0x00001d9d   Thumb Code    16  tasks.o(.text.vTaskSuspendAll)
    vTaskSwitchContext                       0x00001dad   Thumb Code   134  tasks.o(.text.vTaskSwitchContext)
    xPortStartScheduler                      0x00001e35   Thumb Code   306  port.o(.text.xPortStartScheduler)
    xQueueGenericCreate                      0x00001f69   Thumb Code   138  queue.o(.text.xQueueGenericCreate)
    xQueueGenericSend                        0x00001ff5   Thumb Code   580  queue.o(.text.xQueueGenericSend)
    xQueueGiveFromISR                        0x00002239   Thumb Code   282  queue.o(.text.xQueueGiveFromISR)
    xQueueReceive                            0x00002355   Thumb Code   424  queue.o(.text.xQueueReceive)
    xQueueSemaphoreTake                      0x000024fd   Thumb Code   458  queue.o(.text.xQueueSemaphoreTake)
    xTaskCheckForTimeOut                     0x000026c9   Thumb Code   146  tasks.o(.text.xTaskCheckForTimeOut)
    xTaskCreate                              0x0000275d   Thumb Code   504  tasks.o(.text.xTaskCreate)
    xTaskGetSchedulerState                   0x00002955   Thumb Code    38  tasks.o(.text.xTaskGetSchedulerState)
    xTaskGetTickCount                        0x0000297d   Thumb Code    12  tasks.o(.text.xTaskGetTickCount)
    xTaskIncrementTick                       0x00002989   Thumb Code   442  tasks.o(.text.xTaskIncrementTick)
    xTaskPriorityDisinherit                  0x00002b45   Thumb Code   198  tasks.o(.text.xTaskPriorityDisinherit)
    xTaskPriorityInherit                     0x00002c0d   Thumb Code   190  tasks.o(.text.xTaskPriorityInherit)
    xTaskRemoveFromEventList                 0x00002ccd   Thumb Code   240  tasks.o(.text.xTaskRemoveFromEventList)
    xTaskResumeAll                           0x00002dbd   Thumb Code   388  tasks.o(.text.xTaskResumeAll)
    xTimerCreateTimerTask                    0x00002f41   Thumb Code   156  timers.o(.text.xTimerCreateTimerTask)
    _fp_init                                 0x00002fe5   Thumb Code    26  fpinit.o(x$fpl$fpinit)
    __fplib_config_fpu_vfp                   0x00002ffd   Thumb Code     0  fpinit.o(x$fpl$fpinit)
    __fplib_config_pureend_doubles           0x00002ffd   Thumb Code     0  fpinit.o(x$fpl$fpinit)
    uxTopUsedPriority                        0x00003010   Data           4  tasks.o(.rodata.uxTopUsedPriority)
    Region$$Table$$Base                      0x00003014   Number         0  anon$$obj.o(Region$$Table)
    Region$$Table$$Limit                     0x00003034   Number         0  anon$$obj.o(Region$$Table)
    SystemCoreClock                          0x20000000   Data           4  system_tm4c123.o(.data.SystemCoreClock)
    __libspace_start                         0x20000008   Data          96  libspace.o(.bss)
    __temporary_stack_top$libspace           0x20000068   Data           0  libspace.o(.bss)
    pxCurrentTCB                             0x20000070   Data           4  tasks.o(.bss.pxCurrentTCB)
    xDown_driver                             0x2000321c   Data           4  main.o(.bss.xDown_driver)
    xDown_driver_Semaphore                   0x20003220   Data           4  main.o(.bss.xDown_driver_Semaphore)
    xDown_passenger                          0x20003224   Data           4  main.o(.bss.xDown_passenger)
    xDown_passenger_Semaphore                0x20003228   Data           4  main.o(.bss.xDown_passenger_Semaphore)
    xJamming                                 0x20003230   Data           4  main.o(.bss.xJamming)
    xJamming_Semaphore                       0x20003234   Data           4  main.o(.bss.xJamming_Semaphore)
    xLock_Semaphore                          0x20003238   Data           4  main.o(.bss.xLock_Semaphore)
    xUp_driver                               0x20003298   Data           4  main.o(.bss.xUp_driver)
    xUp_driver_Semaphore                     0x2000329c   Data           4  main.o(.bss.xUp_driver_Semaphore)
    xUp_passenger                            0x200032a0   Data           4  main.o(.bss.xUp_passenger)
    xUp_passenger_Semaphore                  0x200032a4   Data           4  main.o(.bss.xUp_passenger_Semaphore)



==============================================================================

Memory Map of the image

  Image Entry point : 0x0000030d

  Load Region LR_1 (Base: 0x00000000, Size: 0x0000303c, Max: 0xffffffff, ABSOLUTE)

    Execution Region ER_RO (Exec base: 0x00000000, Load base: 0x00000000, Size: 0x00003034, Max: 0xffffffff, ABSOLUTE)

    Exec Addr    Load Addr    Size         Type   Attr      Idx    E Section Name        Object

    0x00000000   0x00000000   0x0000026c   Data   RO           60    RESET               startup_tm4c123.o
    0x0000026c   0x0000026c   0x00000008   Code   RO          397  * !!!main             c_w.l(__main.o)
    0x00000274   0x00000274   0x00000034   Code   RO          566    !!!scatter          c_w.l(__scatter.o)
    0x000002a8   0x000002a8   0x0000001a   Code   RO          568    !!handler_copy      c_w.l(__scatter_copy.o)
    0x000002c2   0x000002c2   0x00000002   PAD
    0x000002c4   0x000002c4   0x0000001c   Code   RO          570    !!handler_zi        c_w.l(__scatter_zi.o)
    0x000002e0   0x000002e0   0x00000002   Code   RO          428    .ARM.Collect$$libinit$$00000000  c_w.l(libinit.o)
    0x000002e2   0x000002e2   0x00000004   Code   RO          434    .ARM.Collect$$libinit$$00000001  c_w.l(libinit2.o)
    0x000002e6   0x000002e6   0x00000000   Code   RO          437    .ARM.Collect$$libinit$$00000004  c_w.l(libinit2.o)
    0x000002e6   0x000002e6   0x00000000   Code   RO          439    .ARM.Collect$$libinit$$00000006  c_w.l(libinit2.o)
    0x000002e6   0x000002e6   0x00000000   Code   RO          442    .ARM.Collect$$libinit$$0000000C  c_w.l(libinit2.o)
    0x000002e6   0x000002e6   0x00000000   Code   RO          444    .ARM.Collect$$libinit$$0000000E  c_w.l(libinit2.o)
    0x000002e6   0x000002e6   0x00000000   Code   RO          446    .ARM.Collect$$libinit$$00000010  c_w.l(libinit2.o)
    0x000002e6   0x000002e6   0x00000000   Code   RO          449    .ARM.Collect$$libinit$$00000013  c_w.l(libinit2.o)
    0x000002e6   0x000002e6   0x00000000   Code   RO          451    .ARM.Collect$$libinit$$00000015  c_w.l(libinit2.o)
    0x000002e6   0x000002e6   0x00000000   Code   RO          453    .ARM.Collect$$libinit$$00000017  c_w.l(libinit2.o)
    0x000002e6   0x000002e6   0x00000000   Code   RO          455    .ARM.Collect$$libinit$$00000019  c_w.l(libinit2.o)
    0x000002e6   0x000002e6   0x00000000   Code   RO          457    .ARM.Collect$$libinit$$0000001B  c_w.l(libinit2.o)
    0x000002e6   0x000002e6   0x00000000   Code   RO          459    .ARM.Collect$$libinit$$0000001D  c_w.l(libinit2.o)
    0x000002e6   0x000002e6   0x00000000   Code   RO          461    .ARM.Collect$$libinit$$0000001F  c_w.l(libinit2.o)
    0x000002e6   0x000002e6   0x00000000   Code   RO          463    .ARM.Collect$$libinit$$00000021  c_w.l(libinit2.o)
    0x000002e6   0x000002e6   0x00000000   Code   RO          465    .ARM.Collect$$libinit$$00000023  c_w.l(libinit2.o)
    0x000002e6   0x000002e6   0x00000000   Code   RO          467    .ARM.Collect$$libinit$$00000025  c_w.l(libinit2.o)
    0x000002e6   0x000002e6   0x00000000   Code   RO          469    .ARM.Collect$$libinit$$00000027  c_w.l(libinit2.o)
    0x000002e6   0x000002e6   0x00000000   Code   RO          473    .ARM.Collect$$libinit$$0000002E  c_w.l(libinit2.o)
    0x000002e6   0x000002e6   0x00000000   Code   RO          475    .ARM.Collect$$libinit$$00000030  c_w.l(libinit2.o)
    0x000002e6   0x000002e6   0x00000000   Code   RO          477    .ARM.Collect$$libinit$$00000032  c_w.l(libinit2.o)
    0x000002e6   0x000002e6   0x00000000   Code   RO          479    .ARM.Collect$$libinit$$00000034  c_w.l(libinit2.o)
    0x000002e6   0x000002e6   0x00000002   Code   RO          480    .ARM.Collect$$libinit$$00000035  c_w.l(libinit2.o)
    0x000002e8   0x000002e8   0x00000002   Code   RO          502    .ARM.Collect$$libshutdown$$00000000  c_w.l(libshutdown.o)
    0x000002ea   0x000002ea   0x00000000   Code   RO          517    .ARM.Collect$$libshutdown$$00000002  c_w.l(libshutdown2.o)
    0x000002ea   0x000002ea   0x00000000   Code   RO          519    .ARM.Collect$$libshutdown$$00000004  c_w.l(libshutdown2.o)
    0x000002ea   0x000002ea   0x00000000   Code   RO          522    .ARM.Collect$$libshutdown$$00000007  c_w.l(libshutdown2.o)
    0x000002ea   0x000002ea   0x00000000   Code   RO          525    .ARM.Collect$$libshutdown$$0000000A  c_w.l(libshutdown2.o)
    0x000002ea   0x000002ea   0x00000000   Code   RO          527    .ARM.Collect$$libshutdown$$0000000C  c_w.l(libshutdown2.o)
    0x000002ea   0x000002ea   0x00000000   Code   RO          530    .ARM.Collect$$libshutdown$$0000000F  c_w.l(libshutdown2.o)
    0x000002ea   0x000002ea   0x00000002   Code   RO          531    .ARM.Collect$$libshutdown$$00000010  c_w.l(libshutdown2.o)
    0x000002ec   0x000002ec   0x00000000   Code   RO          399    .ARM.Collect$$rtentry$$00000000  c_w.l(__rtentry.o)
    0x000002ec   0x000002ec   0x00000000   Code   RO          405    .ARM.Collect$$rtentry$$00000002  c_w.l(__rtentry2.o)
    0x000002ec   0x000002ec   0x00000006   Code   RO          417    .ARM.Collect$$rtentry$$00000004  c_w.l(__rtentry4.o)
    0x000002f2   0x000002f2   0x00000000   Code   RO          407    .ARM.Collect$$rtentry$$00000009  c_w.l(__rtentry2.o)
    0x000002f2   0x000002f2   0x00000004   Code   RO          408    .ARM.Collect$$rtentry$$0000000A  c_w.l(__rtentry2.o)
    0x000002f6   0x000002f6   0x00000000   Code   RO          410    .ARM.Collect$$rtentry$$0000000C  c_w.l(__rtentry2.o)
    0x000002f6   0x000002f6   0x00000008   Code   RO          411    .ARM.Collect$$rtentry$$0000000D  c_w.l(__rtentry2.o)
    0x000002fe   0x000002fe   0x00000002   Code   RO          432    .ARM.Collect$$rtexit$$00000000  c_w.l(rtexit.o)
    0x00000300   0x00000300   0x00000000   Code   RO          482    .ARM.Collect$$rtexit$$00000002  c_w.l(rtexit2.o)
    0x00000300   0x00000300   0x00000004   Code   RO          483    .ARM.Collect$$rtexit$$00000003  c_w.l(rtexit2.o)
    0x00000304   0x00000304   0x00000006   Code   RO          484    .ARM.Collect$$rtexit$$00000004  c_w.l(rtexit2.o)
    0x0000030a   0x0000030a   0x00000002   PAD
    0x0000030c   0x0000030c   0x00000114   Code   RO           61  * .text               startup_tm4c123.o
    0x00000420   0x00000420   0x0000008a   Code   RO          391    .text               c_w.l(rt_memcpy_v6.o)
    0x000004aa   0x000004aa   0x00000044   Code   RO          393    .text               c_w.l(rt_memclr.o)
    0x000004ee   0x000004ee   0x00000006   Code   RO          395    .text               c_w.l(heapauxi.o)
    0x000004f4   0x000004f4   0x00000064   Code   RO          400    .text               c_w.l(rt_memcpy_w.o)
    0x00000558   0x00000558   0x0000004e   Code   RO          402    .text               c_w.l(rt_memclr_w.o)
    0x000005a6   0x000005a6   0x0000004a   Code   RO          419    .text               c_w.l(sys_stackheap_outer.o)
    0x000005f0   0x000005f0   0x00000012   Code   RO          421    .text               c_w.l(exit.o)
    0x00000602   0x00000602   0x00000002   PAD
    0x00000604   0x00000604   0x00000008   Code   RO          429    .text               c_w.l(libspace.o)
    0x0000060c   0x0000060c   0x0000000c   Code   RO          492    .text               c_w.l(sys_exit.o)
    0x00000618   0x00000618   0x00000002   Code   RO          507    .text               c_w.l(use_no_semi.o)
    0x0000061a   0x0000061a   0x00000000   Code   RO          509    .text               c_w.l(indicate_semi.o)
    0x0000061a   0x0000061a   0x00000002   PAD
    0x0000061c   0x0000061c   0x000000c6   Code   RO           22    .text.Down_driver   main.o
    0x000006e2   0x000006e2   0x00000002   PAD
    0x000006e4   0x000006e4   0x000000e2   Code   RO           20    .text.Down_passenger  main.o
    0x000007c6   0x000007c6   0x00000002   PAD
    0x000007c8   0x000007c8   0x00000084   Code   RO           32    .text.GPIOB_Handler  main.o
    0x0000084c   0x0000084c   0x00000084   Code   RO           34    .text.GPIOD_Handler  main.o
    0x000008d0   0x000008d0   0x00000040   Code   RO           36    .text.GPIOE_Handler  main.o
    0x00000910   0x00000910   0x00000084   Code   RO           28    .text.GPIOF_Handler  main.o
    0x00000994   0x00000994   0x00000076   Code   RO           14    .text.Jamming       main.o
    0x00000a0a   0x00000a0a   0x00000002   PAD
    0x00000a0c   0x00000a0c   0x00000040   Code   RO           24    .text.Lock          main.o
    0x00000a4c   0x00000a4c   0x00000004   PAD
    0x00000a50   0x00000a50   0x00000064   Code   RO          121    .text.PendSV_Handler  port.o
    0x00000ab4   0x00000ab4   0x0000000c   PAD
    0x00000ac0   0x00000ac0   0x00000024   Code   RO          105    .text.SVC_Handler   port.o
    0x00000ae4   0x00000ae4   0x0000002e   Code   RO          123    .text.SysTick_Handler  port.o
    0x00000b12   0x00000b12   0x00000002   PAD
    0x00000b14   0x00000b14   0x00000070   Code   RO           70    .text.SystemInit    system_tm4c123.o
    0x00000b84   0x00000b84   0x000000a2   Code   RO           16    .text.Up_driver     main.o
    0x00000c26   0x00000c26   0x00000002   PAD
    0x00000c28   0x00000c28   0x000000ca   Code   RO           18    .text.Up_passenger  main.o
    0x00000cf2   0x00000cf2   0x00000002   PAD
    0x00000cf4   0x00000cf4   0x00000398   Code   RO            2    .text.main          main.o
    0x0000108c   0x0000108c   0x000000c0   Code   RO          229    .text.prvAddCurrentTaskToDelayedList  tasks.o
    0x0000114c   0x0000114c   0x00000076   Code   RO          253    .text.prvIdleTask   tasks.o
    0x000011c2   0x000011c2   0x00000002   PAD
    0x000011c4   0x000011c4   0x000000cc   Code   RO          173    .text.prvNotifyQueueSetContainer  queue.o
    0x00001290   0x00001290   0x00000028   Code   RO          113    .text.prvPortStartFirstTask  port.o
    0x000012b8   0x000012b8   0x00000082   Code   RO          373    .text.prvProcessExpiredTimer  timers.o
    0x0000133a   0x0000133a   0x00000002   PAD
    0x0000133c   0x0000133c   0x00000032   Code   RO          103    .text.prvTaskExitError  port.o
    0x0000136e   0x0000136e   0x00000002   PAD
    0x00001370   0x00001370   0x0000023a   Code   RO          347    .text.prvTimerTask  timers.o
    0x000015aa   0x000015aa   0x00000002   PAD
    0x000015ac   0x000015ac   0x00000088   Code   RO          175    .text.prvUnlockQueue  queue.o
    0x00001634   0x00001634   0x0000006a   Code   RO          138    .text.pvPortMalloc  heap_1.o
    0x0000169e   0x0000169e   0x00000002   PAD
    0x000016a0   0x000016a0   0x00000018   Code   RO          299    .text.pvTaskIncrementMutexHeldCount  tasks.o
    0x000016b8   0x000016b8   0x00000028   Code   RO          101    .text.pxPortInitialiseStack  port.o
    0x000016e0   0x000016e0   0x00000024   Code   RO           91    .text.uxListRemove  list.o
    0x00001704   0x00001704   0x0000000c   Code   RO          263    .text.uxTaskGetNumberOfTasks  tasks.o
    0x00001710   0x00001710   0x00000016   Code   RO           83    .text.vListInitialise  list.o
    0x00001726   0x00001726   0x00000002   PAD
    0x00001728   0x00001728   0x00000006   Code   RO           85    .text.vListInitialiseItem  list.o
    0x0000172e   0x0000172e   0x00000002   PAD
    0x00001730   0x00001730   0x0000003a   Code   RO           89    .text.vListInsert   list.o
    0x0000176a   0x0000176a   0x00000002   PAD
    0x0000176c   0x0000176c   0x0000001c   Code   RO           87    .text.vListInsertEnd  list.o
    0x00001788   0x00001788   0x00000014   Code   RO          111    .text.vPortEnableVFP  port.o
    0x0000179c   0x0000179c   0x00000046   Code   RO          117    .text.vPortEnterCritical  port.o
    0x000017e2   0x000017e2   0x00000002   PAD
    0x000017e4   0x000017e4   0x0000002e   Code   RO          119    .text.vPortExitCritical  port.o
    0x00001812   0x00001812   0x00000002   PAD
    0x00001814   0x00001814   0x0000001a   Code   RO          140    .text.vPortFree     heap_1.o
    0x0000182e   0x0000182e   0x00000002   PAD
    0x00001830   0x00001830   0x00000034   Code   RO          109    .text.vPortSetupTimerInterrupt  port.o
    0x00001864   0x00001864   0x00000062   Code   RO          125    .text.vPortValidateInterruptPriority  port.o
    0x000018c6   0x000018c6   0x00000002   PAD
    0x000018c8   0x000018c8   0x00000046   Code   RO          201    .text.vQueueWaitForMessageRestricted  queue.o
    0x0000190e   0x0000190e   0x00000002   PAD
    0x00001910   0x00001910   0x0000001a   Code   RO          281    .text.vTaskInternalSetTimeOutState  tasks.o
    0x0000192a   0x0000192a   0x00000002   PAD
    0x0000192c   0x0000192c   0x0000000e   Code   RO          285    .text.vTaskMissedYield  tasks.o
    0x0000193a   0x0000193a   0x00000002   PAD
    0x0000193c   0x0000193c   0x00000036   Code   RO          269    .text.vTaskPlaceOnEventList  tasks.o
    0x00001972   0x00001972   0x00000002   PAD
    0x00001974   0x00001974   0x00000072   Code   RO          273    .text.vTaskPlaceOnEventListRestricted  tasks.o
    0x000019e6   0x000019e6   0x00000002   PAD
    0x000019e8   0x000019e8   0x000000ce   Code   RO          295    .text.vTaskPriorityDisinheritAfterTimeout  tasks.o
    0x00001ab6   0x00001ab6   0x00000002   PAD
    0x00001ab8   0x00001ab8   0x000000b8   Code   RO          247    .text.vTaskResume   tasks.o
    0x00001b70   0x00001b70   0x0000009c   Code   RO          251    .text.vTaskStartScheduler  tasks.o
    0x00001c0c   0x00001c0c   0x0000018e   Code   RO          243    .text.vTaskSuspend  tasks.o
    0x00001d9a   0x00001d9a   0x00000002   PAD
    0x00001d9c   0x00001d9c   0x00000010   Code   RO          227    .text.vTaskSuspendAll  tasks.o
    0x00001dac   0x00001dac   0x00000086   Code   RO          245    .text.vTaskSwitchContext  tasks.o
    0x00001e32   0x00001e32   0x00000002   PAD
    0x00001e34   0x00001e34   0x00000132   Code   RO          107    .text.xPortStartScheduler  port.o
    0x00001f66   0x00001f66   0x00000002   PAD
    0x00001f68   0x00001f68   0x0000008a   Code   RO          159    .text.xQueueGenericCreate  queue.o
    0x00001ff2   0x00001ff2   0x00000002   PAD
    0x00001ff4   0x00001ff4   0x00000244   Code   RO          165    .text.xQueueGenericSend  queue.o
    0x00002238   0x00002238   0x0000011a   Code   RO          179    .text.xQueueGiveFromISR  queue.o
    0x00002352   0x00002352   0x00000002   PAD
    0x00002354   0x00002354   0x000001a8   Code   RO          181    .text.xQueueReceive  queue.o
    0x000024fc   0x000024fc   0x000001ca   Code   RO          169    .text.xQueueSemaphoreTake  queue.o
    0x000026c6   0x000026c6   0x00000002   PAD
    0x000026c8   0x000026c8   0x00000092   Code   RO          283    .text.xTaskCheckForTimeOut  tasks.o
    0x0000275a   0x0000275a   0x00000002   PAD
    0x0000275c   0x0000275c   0x000001f8   Code   RO          221    .text.xTaskCreate   tasks.o
    0x00002954   0x00002954   0x00000026   Code   RO          289    .text.xTaskGetSchedulerState  tasks.o
    0x0000297a   0x0000297a   0x00000002   PAD
    0x0000297c   0x0000297c   0x0000000c   Code   RO          259    .text.xTaskGetTickCount  tasks.o
    0x00002988   0x00002988   0x000001ba   Code   RO          257    .text.xTaskIncrementTick  tasks.o
    0x00002b42   0x00002b42   0x00000002   PAD
    0x00002b44   0x00002b44   0x000000c6   Code   RO          293    .text.xTaskPriorityDisinherit  tasks.o
    0x00002c0a   0x00002c0a   0x00000002   PAD
    0x00002c0c   0x00002c0c   0x000000be   Code   RO          291    .text.xTaskPriorityInherit  tasks.o
    0x00002cca   0x00002cca   0x00000002   PAD
    0x00002ccc   0x00002ccc   0x000000f0   Code   RO          275    .text.xTaskRemoveFromEventList  tasks.o
    0x00002dbc   0x00002dbc   0x00000184   Code   RO          231    .text.xTaskResumeAll  tasks.o
    0x00002f40   0x00002f40   0x000000a4   Code   RO          345    .text.xTimerCreateTimerTask  timers.o
    0x00002fe4   0x00002fe4   0x0000001a   Code   RO          490    x$fpl$fpinit        fz_wm.l(fpinit.o)
    0x00002ffe   0x00002ffe   0x0000000f   Data   RO           45    .rodata.str1.1      main.o
    0x0000300d   0x0000300d   0x00000003   PAD
    0x00003010   0x00003010   0x00000004   Data   RO          316    .rodata.uxTopUsedPriority  tasks.o
    0x00003014   0x00003014   0x00000020   Data   RO          565    Region$$Table       anon$$obj.o


    Execution Region ER_RW (Exec base: 0x20000000, Load base: 0x00003034, Size: 0x00000008, Max: 0xffffffff, ABSOLUTE)

    Exec Addr    Load Addr    Size         Type   Attr      Idx    E Section Name        Object

    0x20000000   0x00003034   0x00000004   Data   RW           72    .data.SystemCoreClock  system_tm4c123.o
    0x20000004   0x00003038   0x00000004   Data   RW          129    .data.uxCriticalNesting  port.o


    Execution Region ER_ZI (Exec base: 0x20000008, Load base: 0x0000303c, Size: 0x000034a8, Max: 0xffffffff, ABSOLUTE)

    Exec Addr    Load Addr    Size         Type   Attr      Idx    E Section Name        Object

    0x20000008        -       0x00000060   Zero   RW          430    .bss                c_w.l(libspace.o)
    0x20000068        -       0x00000004   Zero   RW          379    .bss.prvSampleTimeNow.xLastTime  timers.o
    0x2000006c        -       0x00000004   Zero   RW          146    .bss.pvPortMalloc.pucAlignedHeap  heap_1.o
    0x20000070        -       0x00000004   Zero   RW          315    .bss.pxCurrentTCB   tasks.o
    0x20000074        -       0x00000004   Zero   RW          377    .bss.pxCurrentTimerList  timers.o
    0x20000078        -       0x00000004   Zero   RW          326    .bss.pxDelayedTaskList  tasks.o
    0x2000007c        -       0x00000004   Zero   RW          327    .bss.pxOverflowDelayedTaskList  tasks.o
    0x20000080        -       0x00000004   Zero   RW          378    .bss.pxOverflowTimerList  timers.o
    0x20000084        -       0x0000012c   Zero   RW          317    .bss.pxReadyTasksLists  tasks.o
    0x200001b0        -       0x00003000   Zero   RW          147    .bss.ucHeap         heap_1.o
    0x200031b0        -       0x00000001   Zero   RW          127    .bss.ucMaxSysCallPriority  port.o
    0x200031b1   0x0000303c   0x00000003   PAD
    0x200031b4        -       0x00000004   Zero   RW          128    .bss.ulMaxPRIGROUPValue  port.o
    0x200031b8        -       0x00000004   Zero   RW          322    .bss.uxCurrentNumberOfTasks  tasks.o
    0x200031bc        -       0x00000004   Zero   RW          321    .bss.uxDeletedTasksWaitingCleanUp  tasks.o
    0x200031c0        -       0x00000004   Zero   RW          324    .bss.uxSchedulerSuspended  tasks.o
    0x200031c4        -       0x00000004   Zero   RW          319    .bss.uxTaskNumber   tasks.o
    0x200031c8        -       0x00000004   Zero   RW          318    .bss.uxTopReadyPriority  tasks.o
    0x200031cc        -       0x00000014   Zero   RW          380    .bss.xActiveTimerList1  timers.o
    0x200031e0        -       0x00000014   Zero   RW          381    .bss.xActiveTimerList2  timers.o
    0x200031f4        -       0x00000014   Zero   RW          335    .bss.xDelayedTaskList1  tasks.o
    0x20003208        -       0x00000014   Zero   RW          336    .bss.xDelayedTaskList2  tasks.o
    0x2000321c        -       0x00000004   Zero   RW           49    .bss.xDown_driver   main.o
    0x20003220        -       0x00000004   Zero   RW           42    .bss.xDown_driver_Semaphore  main.o
    0x20003224        -       0x00000004   Zero   RW           48    .bss.xDown_passenger  main.o
    0x20003228        -       0x00000004   Zero   RW           41    .bss.xDown_passenger_Semaphore  main.o
    0x2000322c        -       0x00000004   Zero   RW          331    .bss.xIdleTaskHandle  tasks.o
    0x20003230        -       0x00000004   Zero   RW           44    .bss.xJamming       main.o
    0x20003234        -       0x00000004   Zero   RW           38    .bss.xJamming_Semaphore  main.o
    0x20003238        -       0x00000004   Zero   RW           43    .bss.xLock_Semaphore  main.o
    0x2000323c        -       0x00000004   Zero   RW          148    .bss.xNextFreeByte  heap_1.o
    0x20003240        -       0x00000004   Zero   RW          332    .bss.xNextTaskUnblockTime  tasks.o
    0x20003244        -       0x00000004   Zero   RW          334    .bss.xNumOfOverflows  tasks.o
    0x20003248        -       0x00000004   Zero   RW          333    .bss.xPendedTicks   tasks.o
    0x2000324c        -       0x00000014   Zero   RW          330    .bss.xPendingReadyList  tasks.o
    0x20003260        -       0x00000004   Zero   RW          323    .bss.xSchedulerRunning  tasks.o
    0x20003264        -       0x00000014   Zero   RW          328    .bss.xSuspendedTaskList  tasks.o
    0x20003278        -       0x00000014   Zero   RW          320    .bss.xTasksWaitingTermination  tasks.o
    0x2000328c        -       0x00000004   Zero   RW          325    .bss.xTickCount     tasks.o
    0x20003290        -       0x00000004   Zero   RW          375    .bss.xTimerQueue    timers.o
    0x20003294        -       0x00000004   Zero   RW          376    .bss.xTimerTaskHandle  timers.o
    0x20003298        -       0x00000004   Zero   RW           46    .bss.xUp_driver     main.o
    0x2000329c        -       0x00000004   Zero   RW           39    .bss.xUp_driver_Semaphore  main.o
    0x200032a0        -       0x00000004   Zero   RW           47    .bss.xUp_passenger  main.o
    0x200032a4        -       0x00000004   Zero   RW           40    .bss.xUp_passenger_Semaphore  main.o
    0x200032a8        -       0x00000004   Zero   RW          329    .bss.xYieldPending  tasks.o
    0x200032ac   0x0000303c   0x00000004   PAD
    0x200032b0        -       0x00000000   Zero   RW           59    HEAP                startup_tm4c123.o
    0x200032b0        -       0x00000200   Zero   RW           58    STACK               startup_tm4c123.o


==============================================================================

Image component sizes


      Code (inc. data)   RO Data    RW Data    ZI Data      Debug   Object Name

       132          0          0          0      12296       1997   heap_1.o
       150          0          0          0          0       2522   list.o
      2350         28         15          0         44      14312   main.o
       904         16          0          4          5       4299   port.o
      2292          0          0          0          0      23297   queue.o
       276         24        620          0        512       5468   startup_tm4c123.o
       112          0          0          4          0       6572   system_tm4c123.o
      3806          8          4          0        460      29359   tasks.o
       864         18          0          0         60      12071   timers.o

    ----------------------------------------------------------------------
     10972        106        674          8      13384      99897   Object Totals
         0          0         32          0          0          0   (incl. Generated)
        86         12          3          0          7          0   (incl. Padding)

    ----------------------------------------------------------------------

      Code (inc. data)   RO Data    RW Data    ZI Data      Debug   Library Member Name

         8          0          0          0          0         68   __main.o
         0          0          0          0          0          0   __rtentry.o
        12          0          0          0          0          0   __rtentry2.o
         6          0          0          0          0          0   __rtentry4.o
        52          8          0          0          0          0   __scatter.o
        26          0          0          0          0          0   __scatter_copy.o
        28          0          0          0          0          0   __scatter_zi.o
        18          0          0          0          0         80   exit.o
         6          0          0          0          0        152   heapauxi.o
         0          0          0          0          0          0   indicate_semi.o
         2          0          0          0          0          0   libinit.o
         6          0          0          0          0          0   libinit2.o
         2          0          0          0          0          0   libshutdown.o
         2          0          0          0          0          0   libshutdown2.o
         8          4          0          0         96         68   libspace.o
        68          0          0          0          0         68   rt_memclr.o
        78          0          0          0          0         80   rt_memclr_w.o
       138          0          0          0          0         68   rt_memcpy_v6.o
       100          0          0          0          0         80   rt_memcpy_w.o
         2          0          0          0          0          0   rtexit.o
        10          0          0          0          0          0   rtexit2.o
        12          4          0          0          0         68   sys_exit.o
        74          0          0          0          0         80   sys_stackheap_outer.o
         2          0          0          0          0         68   use_no_semi.o
        26          0          0          0          0        116   fpinit.o

    ----------------------------------------------------------------------
       694         16          0          0         96        996   Library Totals
         8          0          0          0          0          0   (incl. Padding)

    ----------------------------------------------------------------------

      Code (inc. data)   RO Data    RW Data    ZI Data      Debug   Library Name

       660         16          0          0         96        880   c_w.l
        26          0          0          0          0        116   fz_wm.l

    ----------------------------------------------------------------------
       694         16          0          0         96        996   Library Totals

    ----------------------------------------------------------------------

==============================================================================


      Code (inc. data)   RO Data    RW Data    ZI Data      Debug   

     11666        122        674          8      13480     100389   Grand Totals
     11666        122        674          8      13480     100389   ELF Image Totals
     11666        122        674          8          0          0   ROM Totals

==============================================================================

    Total RO  Size (Code + RO Data)                12340 (  12.05kB)
    Total RW  Size (RW Data + ZI Data)             13488 (  13.17kB)
    Total ROM Size (Code + RO Data + RW Data)      12348 (  12.06kB)

==============================================================================

